[2025-12-14 17:53:42,417][__main__][INFO] - ======================================================================
[2025-12-14 17:53:42,418][__main__][INFO] - CONFIGURATION
[2025-12-14 17:53:42,418][__main__][INFO] - ======================================================================
[2025-12-14 17:53:42,419][__main__][INFO] - 
run:
  load_model: false
  resume_training: true
  load_from:
  - '2025-12-13'
  - 13-38-38
training:
  n_epochs: 15000
  lr: 0.001
  lr_scheduler_step: 500
  lr_scheduler_gamma: 0.95
  use_lbfgs_finetune: false
  lbfgs_n_epochs: 100
  lbfgs_max_iter: 20
  lbfgs_lr: 0.001
  log_interval: 200
  val_interval: 20
  es_patience: 5000
  max_grad_norm: 1.0
  n_batches: 16
  n_test_cases: 50
  test_seed: 42
  pretrain_ic: false
  n_epochs_pretrain: 4000
model:
  n_sensors_ic: 40
  n_sensors_src: 20
  branch_width: 300
  trunk_width: 300
  branch_act: nn.Tanh()
  trunk_act: nn.Tanh()
  branch_depth: 4
  trunk_depth: 8
  p: 512
  wave_speed: 1.0
  damping_coeff: 1.0
  use_fft_trunk: true
  fft_trunk_args:
    input_dim: 3
    m_spatial_x: 64
    m_spatial_y: 64
    m_temporal: 64
    sigma_spatial_x: 0.1
    sigma_spatial_y: 0.1
    sigma_temporal_list:
    - 0.1
    seed: 42
  w_pde: 1.0
  w_ic_u: 50.0
  w_ic_v: 50.0
  strategy: ntk
  fusion: hc
data:
  n_colloc: 800
  n_ic: 50
  a_range:
  - -0.1
  - 0.6
  b_range:
  - -0.1
  - 0.1
  center_x_range:
  - 0.3
  - 0.7
  center_y_range:
  - 0.3
  - 0.7
  center_x: 0.5
  center_y: 0.5
  n_ic_u: 2
  n_ic_v: 2
  source_type: zero
  source_amplitude: 15.0
  T_max: 1.0


[2025-12-14 17:53:42,420][__main__][INFO] - Output directory: /Users/guglielmocappellini/Desktop/research/code/pinns-wave/wave-gnn/1_gcn_string/outputs/2025-12-14/17-53-42
[2025-12-14 17:53:42,420][__main__][INFO] - ✓ Configuration loaded from Hydra (saved to /Users/guglielmocappellini/Desktop/research/code/pinns-wave/wave-gnn/1_gcn_string/outputs/2025-12-14/17-53-42/.hydra/)

[2025-12-14 17:53:42,451][__main__][INFO] - Model initialized with 5438981 parameters
[2025-12-14 17:53:42,451][__main__][INFO] - 
Model architecture:
PINNDeepONet_Wave2D(
  (branch_ic): BranchNet(
    (input_layer): Linear(in_features=3200, out_features=300, bias=True)
    (activation): Tanh()
    (hidden_layers): ModuleList(
      (0-3): 4 x Linear(in_features=300, out_features=300, bias=True)
    )
    (output_layer): Linear(in_features=300, out_features=1024, bias=True)
  )
  (branch_source): BranchNet(
    (input_layer): Linear(in_features=400, out_features=300, bias=True)
    (activation): Tanh()
    (hidden_layers): ModuleList(
      (0-3): 4 x Linear(in_features=300, out_features=300, bias=True)
    )
    (output_layer): Linear(in_features=300, out_features=512, bias=True)
  )
  (trunk): TrunkNet(
    (fft_transform): FourierFeatureTransform()
    (input_layer): Linear(in_features=384, out_features=300, bias=True)
    (activation): Tanh()
    (hidden_layers): ModuleList(
      (0-7): 8 x Linear(in_features=300, out_features=300, bias=True)
    )
    (output_layer): Linear(in_features=300, out_features=512, bias=True)
  )
  (fusion_mlp): Sequential(
    (0): Linear(in_features=1536, out_features=1024, bias=True)
    (1): Tanh()
    (2): Linear(in_features=1024, out_features=512, bias=True)
  )
  (trunk_spatial): Sequential(
    (0): Linear(in_features=2, out_features=128, bias=True)
    (1): Tanh()
    (2): Linear(in_features=128, out_features=128, bias=True)
    (3): Tanh()
    (4): Linear(in_features=128, out_features=512, bias=True)
  )
)
[2025-12-14 17:53:42,451][__main__][INFO] - Loading ground truth from /Users/guglielmocappellini/Desktop/research/code/pinns-wave/wave-gnn/1_gcn_string/data/gt_wave2D_no_source.csv
[2025-12-14 17:53:42,541][__main__][INFO] - Ground truth shape: (153700, 6)
[2025-12-14 17:53:42,541][__main__][INFO] - Columns: [x, y, t, f, u, v]
[2025-12-14 17:53:42,541][__main__][INFO] - Loading rollout ground truth from /Users/guglielmocappellini/Desktop/research/code/pinns-wave/wave-gnn/1_gcn_string/data/gt_wave2D_no_source_rollout.csv
[2025-12-14 17:53:42,626][__main__][INFO] - Rollout ground truth shape: (153700, 6)
[2025-12-14 17:53:42,647][__main__][INFO] - ✓ Pretrained model loaded for curriculum learning: outputs/2025-12-13/13-38-38/model.pth
[2025-12-14 17:53:42,648][model_2d][INFO] - Epochs: 15000
[2025-12-14 17:53:42,648][model_2d][INFO] - Collocation points: 800
[2025-12-14 17:53:42,648][model_2d][INFO] - a range: (-0.1, 0.6), b range: (-0.1, 0.1)
[2025-12-14 17:53:42,648][model_2d][INFO] - Source: zero, amplitude: 15.0, center x range: (0.3, 0.7), center y range: (0.3, 0.7)
[2025-12-14 17:53:42,648][model_2d][INFO] - Wave speed: 1.0, Damping: 1.0
[2025-12-14 17:53:42,648][model_2d][INFO] - Early stopping: patience=5000, val_interval=20, n_test_cases=50
[2025-12-14 17:53:42,652][adaptive_weights][INFO] - Adaptive loss weights initialized with strategy: ntk
[2025-12-14 17:53:42,652][adaptive_weights][INFO] - Initial weights: {'PDE': 1.0, 'IC_u': 50.0, 'IC_v': 50.0}
[2025-12-14 17:53:43,532][model_2d][INFO] - Using Adam optimizer with lr=0.001
[2025-12-14 17:54:11,779][model_2d][INFO] - Epoch     0 | Loss: 0.234690 | PDE: 0.084705 | IC_u: 0.000215 | IC_v: 0.001019 | LR: 1.00e-03 | u_range: [-0.000, 0.062]
[2025-12-14 17:54:11,779][model_2d][INFO] -           Weights -> PDE: 1.04e+00, IC_u: 5.50e+02, IC_v: 2.81e+01
[2025-12-14 17:56:20,777][model_2d][INFO] - ✓ Test metric improved to 4.875511e+00 at epoch 19
[2025-12-14 17:58:27,854][model_2d][INFO] - ✓ Test metric improved to 2.683752e+00 at epoch 39
[2025-12-14 18:02:41,552][model_2d][INFO] - ✓ Test metric improved to 1.155694e+00 at epoch 79
[2025-12-14 18:07:12,950][model_2d][INFO] - ✓ Test metric improved to 3.981307e-01 at epoch 119
[2025-12-14 18:16:04,004][model_2d][INFO] - Epoch   200 | Loss: 2.836461 | PDE: 1.874186 | IC_u: 0.000493 | IC_v: 0.005383 | LR: 1.00e-03 | u_range: [-0.000, 0.096]
[2025-12-14 18:16:04,005][model_2d][INFO] -           Weights -> PDE: 1.01e+00, IC_u: 1.05e+03, IC_v: 7.75e+01
[2025-12-14 18:18:05,053][model_2d][INFO] -   No improvement for 100 epochs (best: 3.981307e-01)
[2025-12-14 18:20:11,126][model_2d][INFO] - ✓ Test metric improved to 3.283261e-01 at epoch 239
[2025-12-14 18:58:23,406][model_2d][INFO] -   No improvement for 100 epochs (best: 3.283261e-01)
[2025-12-14 19:05:06,024][model_2d][INFO] - Epoch   400 | Loss: 3.801331 | PDE: 0.945808 | IC_u: 0.002373 | IC_v: 0.003860 | LR: 1.00e-03 | u_range: [-0.000, 0.081]
[2025-12-14 19:05:06,025][model_2d][INFO] -           Weights -> PDE: 1.02e+00, IC_u: 1.09e+03, IC_v: 6.81e+01
[2025-12-14 19:09:12,355][model_2d][INFO] -   No improvement for 200 epochs (best: 3.283261e-01)
[2025-12-14 19:20:02,665][model_2d][INFO] -   No improvement for 300 epochs (best: 3.283261e-01)
[2025-12-14 19:26:45,615][model_2d][INFO] - Epoch   600 | Loss: 0.579391 | PDE: 0.376717 | IC_u: 0.000152 | IC_v: 0.002321 | LR: 9.50e-04 | u_range: [-0.002, 0.074]
[2025-12-14 19:26:45,616][model_2d][INFO] -           Weights -> PDE: 1.03e+00, IC_u: 6.36e+02, IC_v: 4.13e+01
[2025-12-14 19:30:51,860][model_2d][INFO] -   No improvement for 400 epochs (best: 3.283261e-01)
[2025-12-14 19:41:41,361][model_2d][INFO] -   No improvement for 500 epochs (best: 3.283261e-01)
[2025-12-14 19:47:57,504][model_2d][INFO] - ✓ Test metric improved to 3.162445e-01 at epoch 799
[2025-12-14 19:48:22,522][model_2d][INFO] - Epoch   800 | Loss: 1.456868 | PDE: 0.434365 | IC_u: 0.000735 | IC_v: 0.001943 | LR: 9.50e-04 | u_range: [-0.000, 0.048]
[2025-12-14 19:48:22,522][model_2d][INFO] -           Weights -> PDE: 1.01e+00, IC_u: 1.16e+03, IC_v: 8.42e+01
[2025-12-14 19:54:37,667][model_2d][INFO] - ✓ Test metric improved to 1.851134e-01 at epoch 859
[2025-12-14 20:05:32,792][model_2d][INFO] -   No improvement for 100 epochs (best: 1.851134e-01)
[2025-12-14 20:10:09,958][model_2d][INFO] - Epoch  1000 | Loss: 0.723008 | PDE: 0.236163 | IC_u: 0.000305 | IC_v: 0.002095 | LR: 9.02e-04 | u_range: [-0.000, 0.085]
[2025-12-14 20:10:09,959][model_2d][INFO] -           Weights -> PDE: 1.02e+00, IC_u: 1.12e+03, IC_v: 6.75e+01
[2025-12-14 20:16:19,896][model_2d][INFO] -   No improvement for 200 epochs (best: 1.851134e-01)
[2025-12-14 20:27:11,272][model_2d][INFO] -   No improvement for 300 epochs (best: 1.851134e-01)
[2025-12-14 20:31:49,797][model_2d][INFO] - Epoch  1200 | Loss: 1.094335 | PDE: 0.707077 | IC_u: 0.000209 | IC_v: 0.001975 | LR: 9.02e-04 | u_range: [-0.000, 0.107]
[2025-12-14 20:31:49,798][model_2d][INFO] -           Weights -> PDE: 1.01e+00, IC_u: 1.07e+03, IC_v: 7.79e+01
[2025-12-14 20:38:02,001][model_2d][INFO] -   No improvement for 400 epochs (best: 1.851134e-01)
[2025-12-14 20:48:50,365][model_2d][INFO] -   No improvement for 500 epochs (best: 1.851134e-01)
[2025-12-14 20:53:36,952][model_2d][INFO] - Epoch  1400 | Loss: 0.740980 | PDE: 0.399346 | IC_u: 0.000490 | IC_v: 0.004391 | LR: 9.02e-04 | u_range: [-0.000, 0.113]
[2025-12-14 20:53:36,954][model_2d][INFO] -           Weights -> PDE: 1.05e+00, IC_u: 4.42e+02, IC_v: 2.44e+01
[2025-12-14 21:00:07,508][model_2d][INFO] -   No improvement for 600 epochs (best: 1.851134e-01)
[2025-12-14 21:11:22,951][model_2d][INFO] - ✓ Test metric improved to 1.535974e-01 at epoch 1559
[2025-12-14 21:16:11,078][model_2d][INFO] - Epoch  1600 | Loss: 0.658073 | PDE: 0.250490 | IC_u: 0.000160 | IC_v: 0.002506 | LR: 8.57e-04 | u_range: [-0.000, 0.073]
[2025-12-14 21:16:11,079][model_2d][INFO] -           Weights -> PDE: 1.01e+00, IC_u: 1.33e+03, IC_v: 7.62e+01
[2025-12-14 22:01:03,476][model_2d][INFO] -   No improvement for 100 epochs (best: 1.535974e-01)
[2025-12-14 22:11:58,925][model_2d][INFO] -   No improvement for 200 epochs (best: 1.535974e-01)
[2025-12-14 22:16:38,228][model_2d][INFO] - Epoch  1800 | Loss: 1.103302 | PDE: 0.408533 | IC_u: 0.000272 | IC_v: 0.003807 | LR: 8.57e-04 | u_range: [-0.000, 0.013]
[2025-12-14 22:16:38,230][model_2d][INFO] -           Weights -> PDE: 1.01e+00, IC_u: 1.28e+03, IC_v: 9.00e+01
[2025-12-14 22:22:54,420][model_2d][INFO] -   No improvement for 300 epochs (best: 1.535974e-01)
[2025-12-14 22:33:47,149][model_2d][INFO] -   No improvement for 400 epochs (best: 1.535974e-01)
[2025-12-14 22:38:28,194][model_2d][INFO] - Epoch  2000 | Loss: 0.916220 | PDE: 0.297472 | IC_u: 0.000387 | IC_v: 0.002101 | LR: 8.15e-04 | u_range: [-0.000, 0.040]
[2025-12-14 22:38:28,196][model_2d][INFO] -           Weights -> PDE: 1.01e+00, IC_u: 1.19e+03, IC_v: 7.40e+01
[2025-12-14 22:44:40,103][model_2d][INFO] - ✓ Test metric improved to 1.070460e-01 at epoch 2059
[2025-12-14 22:55:31,031][model_2d][INFO] -   No improvement for 100 epochs (best: 1.070460e-01)
[2025-12-14 23:00:11,398][model_2d][INFO] - Epoch  2200 | Loss: 0.501365 | PDE: 0.193369 | IC_u: 0.000137 | IC_v: 0.001430 | LR: 8.15e-04 | u_range: [-0.000, 0.029]
[2025-12-14 23:00:11,400][model_2d][INFO] -           Weights -> PDE: 1.01e+00, IC_u: 1.35e+03, IC_v: 8.45e+01
[2025-12-14 23:06:25,819][model_2d][INFO] -   No improvement for 200 epochs (best: 1.070460e-01)
[2025-12-14 23:17:30,634][model_2d][INFO] -   No improvement for 300 epochs (best: 1.070460e-01)
[2025-12-14 23:22:19,161][model_2d][INFO] - Epoch  2400 | Loss: 0.439334 | PDE: 0.201602 | IC_u: 0.000160 | IC_v: 0.001386 | LR: 8.15e-04 | u_range: [-0.000, 0.028]
[2025-12-14 23:22:19,163][model_2d][INFO] -           Weights -> PDE: 1.02e+00, IC_u: 1.00e+03, IC_v: 5.28e+01
[2025-12-14 23:28:43,798][model_2d][INFO] -   No improvement for 400 epochs (best: 1.070460e-01)
