[2025-12-11 10:06:18,402][__main__][INFO] - ======================================================================
[2025-12-11 10:06:18,402][__main__][INFO] - CONFIGURATION
[2025-12-11 10:06:18,402][__main__][INFO] - ======================================================================
[2025-12-11 10:06:18,404][__main__][INFO] - 
run:
  load_model: false
  resume_training: false
  load_from:
  - '2025-12-05'
  - 15-50-54/0
training:
  n_epochs: 20000
  lr: 0.001
  lr_scheduler_step: 500
  lr_scheduler_gamma: 0.95
  log_interval: 200
  val_interval: 20
  es_patience: 5000
  max_grad_norm: 1.0
  n_batches: 16
  n_test_cases: 50
  test_seed: 42
  pretrain_ic: true
  n_epochs_pretrain: 4000
model:
  n_sensors_ic: 40
  n_sensors_src: 20
  branch_width: 300
  trunk_width: 300
  branch_act: nn.Tanh()
  trunk_act: nn.Tanh()
  branch_depth: 4
  trunk_depth: 8
  p: 512
  wave_speed: 1.0
  damping_coeff: 1.0
  use_fft_trunk: true
  fft_trunk_args:
    input_dim: 3
    m_spatial_x: 64
    m_spatial_y: 64
    m_temporal: 64
    sigma_spatial_x: 0.1
    sigma_spatial_y: 0.1
    sigma_temporal_list:
    - 0.1
    seed: 42
  w_pde: 1.0
  w_ic_u: 50.0
  w_ic_v: 50.0
  strategy: ntk
  fusion: sum
data:
  n_colloc: 800
  n_ic: 50
  a_range:
  - -0.1
  - 0.6
  b_range:
  - -0.1
  - 0.1
  center_x_range:
  - 0.3
  - 0.7
  center_y_range:
  - 0.3
  - 0.7
  center_x: 0.5
  center_y: 0.5
  n_ic_u: 2
  n_ic_v: 2
  source_type: zero
  source_amplitude: 15.0
  T_max: 1.0


[2025-12-11 10:06:18,404][__main__][INFO] - Output directory: /Users/guglielmocappellini/Desktop/research/code/pinns-wave/wave-gnn/1_gcn_string/outputs/2025-12-11/10-06-18
[2025-12-11 10:06:18,404][__main__][INFO] - ✓ Configuration loaded from Hydra (saved to /Users/guglielmocappellini/Desktop/research/code/pinns-wave/wave-gnn/1_gcn_string/outputs/2025-12-11/10-06-18/.hydra/)

[2025-12-11 10:06:18,421][__main__][INFO] - Model initialized with 3257349 parameters
[2025-12-11 10:06:18,421][__main__][INFO] - 
Model architecture:
PINNDeepONet_Wave2D(
  (branch_ic): BranchNet(
    (input_layer): Linear(in_features=3200, out_features=300, bias=True)
    (activation): Tanh()
    (hidden_layers): ModuleList(
      (0-3): 4 x Linear(in_features=300, out_features=300, bias=True)
    )
    (output_layer): Linear(in_features=300, out_features=1024, bias=True)
  )
  (branch_source): BranchNet(
    (input_layer): Linear(in_features=400, out_features=300, bias=True)
    (activation): Tanh()
    (hidden_layers): ModuleList(
      (0-3): 4 x Linear(in_features=300, out_features=300, bias=True)
    )
    (output_layer): Linear(in_features=300, out_features=512, bias=True)
  )
  (trunk): TrunkNet(
    (fft_transform): FourierFeatureTransform()
    (input_layer): Linear(in_features=384, out_features=300, bias=True)
    (activation): Tanh()
    (hidden_layers): ModuleList(
      (0-7): 8 x Linear(in_features=300, out_features=300, bias=True)
    )
    (output_layer): Linear(in_features=300, out_features=512, bias=True)
  )
)
[2025-12-11 10:06:18,421][__main__][INFO] - Loading ground truth from /Users/guglielmocappellini/Desktop/research/code/pinns-wave/wave-gnn/1_gcn_string/data/gt_wave2D_no_source.csv
[2025-12-11 10:06:18,505][__main__][INFO] - Ground truth shape: (153700, 6)
[2025-12-11 10:06:18,505][__main__][INFO] - Columns: [x, y, t, f, u, v]
[2025-12-11 10:06:18,505][__main__][INFO] - Loading rollout ground truth from /Users/guglielmocappellini/Desktop/research/code/pinns-wave/wave-gnn/1_gcn_string/data/gt_wave2D_no_source_rollout.csv
[2025-12-11 10:06:18,589][__main__][INFO] - Rollout ground truth shape: (153700, 6)
[2025-12-11 10:06:18,590][model_2d][INFO] - Epochs: 20000
[2025-12-11 10:06:18,590][model_2d][INFO] - Collocation points: 800
[2025-12-11 10:06:18,590][model_2d][INFO] - a range: (-0.1, 0.6), b range: (-0.1, 0.1)
[2025-12-11 10:06:18,590][model_2d][INFO] - Source: zero, amplitude: 15.0, center x range: (0.3, 0.7), center y range: (0.3, 0.7)
[2025-12-11 10:06:18,590][model_2d][INFO] - Wave speed: 1.0, Damping: 1.0
[2025-12-11 10:06:18,590][model_2d][INFO] - Early stopping: patience=5000, val_interval=20, n_test_cases=50
[2025-12-11 10:06:18,594][model_2d][INFO] - === PHASE 1: Pre-training IC Reconstruction for 4000 epochs (Standard DeepONet) ===
[2025-12-11 10:08:20,641][model_2d][INFO] -   [Pre-train] Epoch 100/4000 | IC_u Loss: 2.994260e-02 | IC_v Loss: 1.461578e-03
[2025-12-11 10:10:21,045][model_2d][INFO] -   [Pre-train] Epoch 200/4000 | IC_u Loss: 2.790193e-02 | IC_v Loss: 1.130576e-03
[2025-12-11 10:12:20,431][model_2d][INFO] -   [Pre-train] Epoch 300/4000 | IC_u Loss: 8.980415e-03 | IC_v Loss: 8.245765e-04
[2025-12-11 10:14:14,960][model_2d][INFO] -   [Pre-train] Epoch 400/4000 | IC_u Loss: 6.373939e-03 | IC_v Loss: 3.297386e-04
[2025-12-11 10:16:10,889][model_2d][INFO] -   [Pre-train] Epoch 500/4000 | IC_u Loss: 1.935810e-03 | IC_v Loss: 2.065479e-04
[2025-12-11 10:18:05,747][model_2d][INFO] -   [Pre-train] Epoch 600/4000 | IC_u Loss: 1.553235e-03 | IC_v Loss: 9.447510e-05
[2025-12-11 10:20:00,121][model_2d][INFO] -   [Pre-train] Epoch 700/4000 | IC_u Loss: 1.133787e-03 | IC_v Loss: 5.862989e-05
[2025-12-11 10:21:54,853][model_2d][INFO] -   [Pre-train] Epoch 800/4000 | IC_u Loss: 1.000690e-03 | IC_v Loss: 5.724345e-05
[2025-12-11 10:23:49,304][model_2d][INFO] -   [Pre-train] Epoch 900/4000 | IC_u Loss: 5.942751e-04 | IC_v Loss: 1.255166e-04
[2025-12-11 10:25:43,922][model_2d][INFO] -   [Pre-train] Epoch 1000/4000 | IC_u Loss: 5.126842e-04 | IC_v Loss: 5.484959e-05
[2025-12-11 10:27:38,437][model_2d][INFO] -   [Pre-train] Epoch 1100/4000 | IC_u Loss: 2.027513e-03 | IC_v Loss: 4.694170e-05
[2025-12-11 10:29:32,980][model_2d][INFO] -   [Pre-train] Epoch 1200/4000 | IC_u Loss: 7.192783e-04 | IC_v Loss: 1.079690e-04
[2025-12-11 10:31:27,624][model_2d][INFO] -   [Pre-train] Epoch 1300/4000 | IC_u Loss: 1.163773e-03 | IC_v Loss: 5.702300e-05
[2025-12-11 10:33:22,224][model_2d][INFO] -   [Pre-train] Epoch 1400/4000 | IC_u Loss: 3.406288e-03 | IC_v Loss: 1.107587e-04
[2025-12-11 10:35:16,745][model_2d][INFO] -   [Pre-train] Epoch 1500/4000 | IC_u Loss: 3.776762e-03 | IC_v Loss: 3.757882e-04
[2025-12-11 10:37:11,428][model_2d][INFO] -   [Pre-train] Epoch 1600/4000 | IC_u Loss: 7.185345e-04 | IC_v Loss: 5.523008e-05
[2025-12-11 10:39:06,064][model_2d][INFO] -   [Pre-train] Epoch 1700/4000 | IC_u Loss: 1.928173e-03 | IC_v Loss: 2.177939e-04
[2025-12-11 10:41:00,612][model_2d][INFO] -   [Pre-train] Epoch 1800/4000 | IC_u Loss: 1.030515e-03 | IC_v Loss: 6.736689e-05
[2025-12-11 10:42:55,170][model_2d][INFO] -   [Pre-train] Epoch 1900/4000 | IC_u Loss: 3.336281e-03 | IC_v Loss: 1.183953e-04
[2025-12-11 10:44:49,533][model_2d][INFO] -   [Pre-train] Epoch 2000/4000 | IC_u Loss: 3.366019e-03 | IC_v Loss: 1.228174e-04
[2025-12-11 10:46:44,094][model_2d][INFO] -   [Pre-train] Epoch 2100/4000 | IC_u Loss: 1.276208e-03 | IC_v Loss: 1.422689e-04
[2025-12-11 10:48:38,603][model_2d][INFO] -   [Pre-train] Epoch 2200/4000 | IC_u Loss: 2.150604e-03 | IC_v Loss: 2.596360e-04
[2025-12-11 10:50:32,718][model_2d][INFO] -   [Pre-train] Epoch 2300/4000 | IC_u Loss: 2.598024e-03 | IC_v Loss: 2.388255e-04
[2025-12-11 10:52:26,971][model_2d][INFO] -   [Pre-train] Epoch 2400/4000 | IC_u Loss: 6.060122e-03 | IC_v Loss: 8.801932e-04
[2025-12-11 10:54:21,706][model_2d][INFO] -   [Pre-train] Epoch 2500/4000 | IC_u Loss: 4.083218e-03 | IC_v Loss: 1.568478e-04
[2025-12-11 10:56:16,353][model_2d][INFO] -   [Pre-train] Epoch 2600/4000 | IC_u Loss: 1.752177e-03 | IC_v Loss: 8.588204e-05
[2025-12-11 10:58:11,346][model_2d][INFO] -   [Pre-train] Epoch 2700/4000 | IC_u Loss: 1.953567e-03 | IC_v Loss: 1.767858e-04
[2025-12-11 11:00:06,167][model_2d][INFO] -   [Pre-train] Epoch 2800/4000 | IC_u Loss: 6.836859e-04 | IC_v Loss: 8.580842e-05
[2025-12-11 11:02:01,892][model_2d][INFO] -   [Pre-train] Epoch 2900/4000 | IC_u Loss: 1.055231e-03 | IC_v Loss: 1.963462e-04
[2025-12-11 11:04:10,114][model_2d][INFO] -   [Pre-train] Epoch 3000/4000 | IC_u Loss: 1.020933e-03 | IC_v Loss: 5.269084e-05
[2025-12-11 11:06:18,316][model_2d][INFO] -   [Pre-train] Epoch 3100/4000 | IC_u Loss: 3.254712e-03 | IC_v Loss: 1.350981e-04
[2025-12-11 11:08:24,041][model_2d][INFO] -   [Pre-train] Epoch 3200/4000 | IC_u Loss: 1.514310e-03 | IC_v Loss: 1.603303e-04
[2025-12-11 11:10:30,385][model_2d][INFO] -   [Pre-train] Epoch 3300/4000 | IC_u Loss: 1.395580e-03 | IC_v Loss: 3.997875e-05
[2025-12-11 11:12:37,946][model_2d][INFO] -   [Pre-train] Epoch 3400/4000 | IC_u Loss: 3.404355e-03 | IC_v Loss: 1.999324e-04
[2025-12-11 11:14:44,408][model_2d][INFO] -   [Pre-train] Epoch 3500/4000 | IC_u Loss: 3.562924e-04 | IC_v Loss: 9.185264e-05
[2025-12-11 11:16:50,401][model_2d][INFO] -   [Pre-train] Epoch 3600/4000 | IC_u Loss: 1.054142e-03 | IC_v Loss: 1.350105e-04
[2025-12-11 11:18:54,848][model_2d][INFO] -   [Pre-train] Epoch 3700/4000 | IC_u Loss: 2.735305e-03 | IC_v Loss: 8.966255e-05
[2025-12-11 11:21:00,672][model_2d][INFO] -   [Pre-train] Epoch 3800/4000 | IC_u Loss: 1.059474e-03 | IC_v Loss: 6.114365e-05
[2025-12-11 11:23:09,259][model_2d][INFO] -   [Pre-train] Epoch 3900/4000 | IC_u Loss: 1.043998e-03 | IC_v Loss: 1.382083e-04
[2025-12-11 11:25:14,426][model_2d][INFO] -   [Pre-train] Epoch 4000/4000 | IC_u Loss: 8.934528e-04 | IC_v Loss: 3.247564e-04
[2025-12-11 11:25:14,428][model_2d][INFO] - === PHASE 1 COMPLETE. ICs learned. Unfreezing for Phase 2. ===
[2025-12-11 11:25:14,428][adaptive_weights][INFO] - Adaptive loss weights initialized with strategy: ntk
[2025-12-11 11:25:14,428][adaptive_weights][INFO] - Initial weights: {'PDE': 1.0, 'IC_u': 50.0, 'IC_v': 50.0}
[2025-12-11 11:25:37,251][model_2d][INFO] - Epoch     0 | Loss: 148.260634 | PDE: 109.940718 | IC_u: 0.011363 | IC_v: 0.002842 | LR: 1.00e-03 | u_range: [-0.000, 0.007]
[2025-12-11 11:25:37,252][model_2d][INFO] -           Weights -> PDE: 1.01e+00, IC_u: 3.27e+03, IC_v: 1.46e+02
[2025-12-11 11:27:40,480][model_2d][INFO] - ✓ Test metric improved to 2.139543e+01 at epoch 19
[2025-12-11 11:31:46,305][model_2d][INFO] - ✓ Test metric improved to 1.851758e+01 at epoch 59
[2025-12-11 11:33:50,249][model_2d][INFO] - ✓ Test metric improved to 9.202170e+00 at epoch 79
[2025-12-11 11:35:52,986][model_2d][INFO] - ✓ Test metric improved to 8.624268e+00 at epoch 99
[2025-12-11 11:38:14,267][model_2d][INFO] - ✓ Test metric improved to 2.878245e+00 at epoch 119
[2025-12-11 11:42:26,447][model_2d][INFO] - ✓ Test metric improved to 2.740084e+00 at epoch 159
[2025-12-11 11:44:30,582][model_2d][INFO] - ✓ Test metric improved to 2.307293e+00 at epoch 179
[2025-12-11 11:46:33,353][model_2d][INFO] - ✓ Test metric improved to 1.299938e+00 at epoch 199
[2025-12-11 11:46:53,087][model_2d][INFO] - Epoch   200 | Loss: 5.736092 | PDE: 1.665649 | IC_u: 0.018057 | IC_v: 0.005654 | LR: 1.00e-03 | u_range: [-0.000, 0.044]
[2025-12-11 11:46:53,089][model_2d][INFO] -           Weights -> PDE: 1.09e+00, IC_u: 2.13e+02, IC_v: 1.33e+01
[2025-12-11 11:50:54,029][model_2d][INFO] - ✓ Test metric improved to 1.212735e+00 at epoch 239
[2025-12-11 11:57:00,523][model_2d][INFO] - ✓ Test metric improved to 1.020618e+00 at epoch 299
[2025-12-11 13:34:41,430][model_2d][INFO] - ✓ Test metric improved to 7.290137e-01 at epoch 399
[2025-12-11 13:35:00,627][model_2d][INFO] - Epoch   400 | Loss: 1.635837 | PDE: 0.681270 | IC_u: 0.003023 | IC_v: 0.005940 | LR: 1.00e-03 | u_range: [-0.017, 0.021]
[2025-12-11 13:35:00,628][model_2d][INFO] -           Weights -> PDE: 1.07e+00, IC_u: 2.68e+02, IC_v: 1.61e+01
[2025-12-11 13:41:14,077][model_2d][INFO] -   No improvement for 100 epochs (best: 7.290137e-01)
[2025-12-11 13:46:01,993][model_2d][INFO] - ✓ Test metric improved to 6.587116e-01 at epoch 579
[2025-12-11 13:47:11,658][model_2d][INFO] - ✓ Test metric improved to 5.643696e-01 at epoch 599
[2025-12-11 13:47:23,409][model_2d][INFO] - Epoch   600 | Loss: 5.434816 | PDE: 0.835141 | IC_u: 0.009088 | IC_v: 0.017715 | LR: 9.50e-04 | u_range: [-0.000, 0.077]
[2025-12-11 13:47:23,411][model_2d][INFO] -           Weights -> PDE: 1.03e+00, IC_u: 4.35e+02, IC_v: 3.52e+01
[2025-12-11 13:49:42,093][model_2d][INFO] - ✓ Test metric improved to 4.440832e-01 at epoch 639
[2025-12-11 13:50:52,141][model_2d][INFO] - ✓ Test metric improved to 2.804932e-01 at epoch 659
[2025-12-11 13:56:56,173][model_2d][INFO] -   No improvement for 100 epochs (best: 2.804932e-01)
[2025-12-11 13:59:33,957][model_2d][INFO] - Epoch   800 | Loss: 2.342723 | PDE: 0.754660 | IC_u: 0.002949 | IC_v: 0.004319 | LR: 9.50e-04 | u_range: [-0.000, 0.084]
[2025-12-11 13:59:33,958][model_2d][INFO] -           Weights -> PDE: 1.04e+00, IC_u: 4.91e+02, IC_v: 2.48e+01
[2025-12-11 14:03:03,345][model_2d][INFO] -   No improvement for 200 epochs (best: 2.804932e-01)
[2025-12-11 14:09:10,425][model_2d][INFO] -   No improvement for 300 epochs (best: 2.804932e-01)
[2025-12-11 14:11:43,841][model_2d][INFO] - Epoch  1000 | Loss: 1.753538 | PDE: 0.285773 | IC_u: 0.002748 | IC_v: 0.006090 | LR: 9.02e-04 | u_range: [-0.011, 0.055]
[2025-12-11 14:11:43,842][model_2d][INFO] -           Weights -> PDE: 1.04e+00, IC_u: 4.66e+02, IC_v: 2.92e+01
[2025-12-11 14:14:02,997][model_2d][INFO] - ✓ Test metric improved to 1.637747e-01 at epoch 1039
[2025-12-11 14:20:06,049][model_2d][INFO] -   No improvement for 100 epochs (best: 1.637747e-01)
[2025-12-11 14:23:40,905][model_2d][INFO] - ✓ Test metric improved to 1.267282e-01 at epoch 1199
[2025-12-11 14:23:52,997][model_2d][INFO] - Epoch  1200 | Loss: 0.628661 | PDE: 0.157174 | IC_u: 0.002562 | IC_v: 0.010277 | LR: 9.02e-04 | u_range: [-0.000, 0.065]
[2025-12-11 14:23:52,998][model_2d][INFO] -           Weights -> PDE: 1.13e+00, IC_u: 1.40e+02, IC_v: 9.06e+00
[2025-12-11 14:29:53,092][model_2d][INFO] -   No improvement for 100 epochs (best: 1.267282e-01)
[2025-12-11 14:36:04,263][model_2d][INFO] -   No improvement for 200 epochs (best: 1.267282e-01)
[2025-12-11 14:36:16,340][model_2d][INFO] - Epoch  1400 | Loss: 2.358825 | PDE: 0.664782 | IC_u: 0.003777 | IC_v: 0.004878 | LR: 9.02e-04 | u_range: [-0.000, 0.060]
[2025-12-11 14:36:16,342][model_2d][INFO] -           Weights -> PDE: 1.05e+00, IC_u: 4.12e+02, IC_v: 2.17e+01
[2025-12-11 14:42:12,706][model_2d][INFO] -   No improvement for 300 epochs (best: 1.267282e-01)
[2025-12-11 14:48:13,276][model_2d][INFO] -   No improvement for 400 epochs (best: 1.267282e-01)
[2025-12-11 14:48:25,007][model_2d][INFO] - Epoch  1600 | Loss: 0.443881 | PDE: 0.134284 | IC_u: 0.000738 | IC_v: 0.002824 | LR: 8.57e-04 | u_range: [-0.000, 0.058]
[2025-12-11 14:48:25,008][model_2d][INFO] -           Weights -> PDE: 1.06e+00, IC_u: 3.34e+02, IC_v: 1.98e+01
[2025-12-11 14:54:13,956][model_2d][INFO] -   No improvement for 500 epochs (best: 1.267282e-01)
[2025-12-11 15:00:13,104][model_2d][INFO] -   No improvement for 600 epochs (best: 1.267282e-01)
[2025-12-11 15:00:23,982][model_2d][INFO] - Epoch  1800 | Loss: 1.058981 | PDE: 0.287243 | IC_u: 0.001914 | IC_v: 0.003914 | LR: 8.57e-04 | u_range: [-0.011, 0.045]
[2025-12-11 15:00:23,983][model_2d][INFO] -           Weights -> PDE: 1.07e+00, IC_u: 3.59e+02, IC_v: 1.67e+01
[2025-12-11 15:02:40,571][model_2d][INFO] - ✓ Test metric improved to 6.315083e-02 at epoch 1839
[2025-12-11 15:08:37,602][model_2d][INFO] -   No improvement for 100 epochs (best: 6.315083e-02)
[2025-12-11 15:12:20,129][model_2d][INFO] - Epoch  2000 | Loss: 0.627443 | PDE: 0.132965 | IC_u: 0.000805 | IC_v: 0.003939 | LR: 8.15e-04 | u_range: [-0.000, 0.071]
[2025-12-11 15:12:20,130][model_2d][INFO] -           Weights -> PDE: 1.04e+00, IC_u: 4.72e+02, IC_v: 2.78e+01
[2025-12-11 15:15:38,075][model_2d][INFO] -   No improvement for 200 epochs (best: 6.315083e-02)
[2025-12-11 15:25:19,732][model_2d][INFO] -   No improvement for 300 epochs (best: 6.315083e-02)
[2025-12-11 15:31:24,690][model_2d][INFO] - Epoch  2200 | Loss: 0.538108 | PDE: 0.090650 | IC_u: 0.001237 | IC_v: 0.004977 | LR: 8.15e-04 | u_range: [-0.013, 0.045]
[2025-12-11 15:31:24,692][model_2d][INFO] -           Weights -> PDE: 1.05e+00, IC_u: 2.71e+02, IC_v: 2.16e+01
[2025-12-11 15:35:17,754][model_2d][INFO] -   No improvement for 400 epochs (best: 6.315083e-02)
[2025-12-11 15:45:15,532][model_2d][INFO] -   No improvement for 500 epochs (best: 6.315083e-02)
[2025-12-11 15:51:19,110][model_2d][INFO] - Epoch  2400 | Loss: 0.451679 | PDE: 0.183078 | IC_u: 0.000718 | IC_v: 0.003308 | LR: 8.15e-04 | u_range: [-0.009, 0.060]
[2025-12-11 15:51:19,111][model_2d][INFO] -           Weights -> PDE: 1.06e+00, IC_u: 2.76e+02, IC_v: 1.78e+01
[2025-12-11 15:55:14,849][model_2d][INFO] -   No improvement for 600 epochs (best: 6.315083e-02)
[2025-12-11 16:05:39,480][model_2d][INFO] - ✓ Test metric improved to 4.949342e-02 at epoch 2539
[2025-12-11 16:11:58,402][model_2d][INFO] - Epoch  2600 | Loss: 0.513979 | PDE: 0.082311 | IC_u: 0.000813 | IC_v: 0.002419 | LR: 7.74e-04 | u_range: [-0.000, 0.041]
[2025-12-11 16:11:58,403][model_2d][INFO] -           Weights -> PDE: 1.05e+00, IC_u: 4.59e+02, IC_v: 2.25e+01
[2025-12-11 16:15:46,284][model_2d][INFO] -   No improvement for 100 epochs (best: 4.949342e-02)
[2025-12-11 16:25:39,234][model_2d][INFO] -   No improvement for 200 epochs (best: 4.949342e-02)
[2025-12-11 16:31:44,437][model_2d][INFO] - Epoch  2800 | Loss: 0.692806 | PDE: 0.163255 | IC_u: 0.000933 | IC_v: 0.003297 | LR: 7.74e-04 | u_range: [-0.000, 0.093]
[2025-12-11 16:31:44,438][model_2d][INFO] -           Weights -> PDE: 1.04e+00, IC_u: 4.61e+02, IC_v: 2.84e+01
[2025-12-11 16:35:30,726][model_2d][INFO] -   No improvement for 300 epochs (best: 4.949342e-02)
[2025-12-11 16:45:27,242][model_2d][INFO] -   No improvement for 400 epochs (best: 4.949342e-02)
[2025-12-11 16:51:34,606][model_2d][INFO] - Epoch  3000 | Loss: 0.726755 | PDE: 0.272135 | IC_u: 0.000746 | IC_v: 0.007703 | LR: 7.35e-04 | u_range: [-0.000, 0.052]
[2025-12-11 16:51:34,607][model_2d][INFO] -           Weights -> PDE: 1.05e+00, IC_u: 3.77e+02, IC_v: 2.06e+01
[2025-12-11 16:55:21,779][model_2d][INFO] -   No improvement for 500 epochs (best: 4.949342e-02)
[2025-12-11 17:05:25,788][model_2d][INFO] -   No improvement for 600 epochs (best: 4.949342e-02)
[2025-12-11 17:11:37,206][model_2d][INFO] - Epoch  3200 | Loss: 0.536644 | PDE: 0.163238 | IC_u: 0.001040 | IC_v: 0.003913 | LR: 7.35e-04 | u_range: [-0.000, 0.029]
[2025-12-11 17:11:37,207][model_2d][INFO] -           Weights -> PDE: 1.08e+00, IC_u: 2.93e+02, IC_v: 1.45e+01
[2025-12-11 17:15:28,590][model_2d][INFO] -   No improvement for 700 epochs (best: 4.949342e-02)
[2025-12-11 17:19:24,334][model_2d][INFO] - ✓ Test metric improved to 4.832258e-02 at epoch 3279
[2025-12-11 17:29:13,797][model_2d][INFO] -   No improvement for 100 epochs (best: 4.832258e-02)
[2025-12-11 17:31:27,700][model_2d][INFO] - Epoch  3400 | Loss: 0.480348 | PDE: 0.065504 | IC_u: 0.000774 | IC_v: 0.001701 | LR: 7.35e-04 | u_range: [-0.000, 0.098]
[2025-12-11 17:31:27,701][model_2d][INFO] -           Weights -> PDE: 1.05e+00, IC_u: 4.79e+02, IC_v: 2.41e+01
[2025-12-11 17:39:01,032][model_2d][INFO] -   No improvement for 200 epochs (best: 4.832258e-02)
[2025-12-11 17:48:46,874][model_2d][INFO] -   No improvement for 300 epochs (best: 4.832258e-02)
[2025-12-11 17:51:00,879][model_2d][INFO] - Epoch  3600 | Loss: 0.317004 | PDE: 0.055765 | IC_u: 0.000626 | IC_v: 0.001951 | LR: 6.98e-04 | u_range: [-0.000, 0.094]
[2025-12-11 17:51:00,880][model_2d][INFO] -           Weights -> PDE: 1.06e+00, IC_u: 3.54e+02, IC_v: 1.86e+01
[2025-12-11 17:58:31,339][model_2d][INFO] -   No improvement for 400 epochs (best: 4.832258e-02)
[2025-12-11 18:08:17,143][model_2d][INFO] -   No improvement for 500 epochs (best: 4.832258e-02)
[2025-12-11 18:10:29,810][model_2d][INFO] - Epoch  3800 | Loss: 0.463924 | PDE: 0.096554 | IC_u: 0.000379 | IC_v: 0.002991 | LR: 6.98e-04 | u_range: [-0.010, 0.000]
[2025-12-11 18:10:29,811][model_2d][INFO] -           Weights -> PDE: 1.03e+00, IC_u: 6.84e+02, IC_v: 3.50e+01
[2025-12-11 18:18:02,647][model_2d][INFO] -   No improvement for 600 epochs (best: 4.832258e-02)
[2025-12-11 18:27:45,773][model_2d][INFO] -   No improvement for 700 epochs (best: 4.832258e-02)
[2025-12-11 18:29:58,718][model_2d][INFO] - Epoch  4000 | Loss: 1.936335 | PDE: 0.378634 | IC_u: 0.002562 | IC_v: 0.010103 | LR: 6.63e-04 | u_range: [-0.009, 0.055]
[2025-12-11 18:29:58,719][model_2d][INFO] -           Weights -> PDE: 1.05e+00, IC_u: 5.06e+02, IC_v: 2.41e+01
[2025-12-11 18:33:41,935][model_2d][INFO] - ✓ Test metric improved to 4.319620e-02 at epoch 4039
[2025-12-11 19:30:19,503][model_2d][INFO] -   No improvement for 100 epochs (best: 4.319620e-02)
[2025-12-11 19:36:21,450][model_2d][INFO] - Epoch  4200 | Loss: 0.292194 | PDE: 0.103643 | IC_u: 0.000315 | IC_v: 0.001245 | LR: 6.63e-04 | u_range: [-0.012, 0.000]
[2025-12-11 19:36:21,451][model_2d][INFO] -           Weights -> PDE: 1.04e+00, IC_u: 4.74e+02, IC_v: 2.82e+01
[2025-12-11 19:40:09,563][model_2d][INFO] -   No improvement for 200 epochs (best: 4.319620e-02)
[2025-12-11 19:50:39,286][model_2d][INFO] -   No improvement for 300 epochs (best: 4.319620e-02)
[2025-12-11 19:56:54,393][model_2d][INFO] - Epoch  4400 | Loss: 0.503208 | PDE: 0.050444 | IC_u: 0.000654 | IC_v: 0.002484 | LR: 6.63e-04 | u_range: [-0.000, 0.082]
[2025-12-11 19:56:54,394][model_2d][INFO] -           Weights -> PDE: 1.04e+00, IC_u: 5.81e+02, IC_v: 2.86e+01
[2025-12-11 20:00:40,219][model_2d][INFO] -   No improvement for 400 epochs (best: 4.319620e-02)
[2025-12-11 20:10:29,058][model_2d][INFO] -   No improvement for 500 epochs (best: 4.319620e-02)
[2025-12-11 20:16:34,428][model_2d][INFO] - Epoch  4600 | Loss: 0.253651 | PDE: 0.105706 | IC_u: 0.000244 | IC_v: 0.001103 | LR: 6.30e-04 | u_range: [-0.019, 0.037]
[2025-12-11 20:16:34,430][model_2d][INFO] -           Weights -> PDE: 1.05e+00, IC_u: 4.79e+02, IC_v: 2.37e+01
[2025-12-11 20:20:18,959][model_2d][INFO] - ✓ Test metric improved to 3.878192e-02 at epoch 4639
[2025-12-11 20:30:07,971][model_2d][INFO] -   No improvement for 100 epochs (best: 3.878192e-02)
[2025-12-11 20:35:53,062][model_2d][INFO] - ✓ Test metric improved to 3.575382e-02 at epoch 4799
[2025-12-11 20:36:11,735][model_2d][INFO] - Epoch  4800 | Loss: 0.381141 | PDE: 0.037743 | IC_u: 0.000431 | IC_v: 0.001503 | LR: 6.30e-04 | u_range: [-0.001, 0.032]
[2025-12-11 20:36:11,735][model_2d][INFO] -           Weights -> PDE: 1.03e+00, IC_u: 6.69e+02, IC_v: 3.59e+01
[2025-12-11 20:45:34,733][model_2d][INFO] -   No improvement for 100 epochs (best: 3.575382e-02)
[2025-12-11 20:55:39,540][model_2d][INFO] -   No improvement for 200 epochs (best: 3.575382e-02)
[2025-12-11 20:55:59,116][model_2d][INFO] - Epoch  5000 | Loss: 0.321760 | PDE: 0.086840 | IC_u: 0.000461 | IC_v: 0.002020 | LR: 5.99e-04 | u_range: [-0.000, 0.060]
[2025-12-11 20:55:59,117][model_2d][INFO] -           Weights -> PDE: 1.05e+00, IC_u: 4.11e+02, IC_v: 2.01e+01
[2025-12-11 21:02:19,180][model_2d][INFO] -   No improvement for 300 epochs (best: 3.575382e-02)
[2025-12-11 21:08:21,015][model_2d][INFO] -   No improvement for 400 epochs (best: 3.575382e-02)
[2025-12-11 21:08:32,776][model_2d][INFO] - Epoch  5200 | Loss: 0.279515 | PDE: 0.043423 | IC_u: 0.000316 | IC_v: 0.001389 | LR: 5.99e-04 | u_range: [-0.000, 0.018]
[2025-12-11 21:08:32,776][model_2d][INFO] -           Weights -> PDE: 1.03e+00, IC_u: 5.97e+02, IC_v: 3.32e+01
[2025-12-11 21:14:20,989][model_2d][INFO] -   No improvement for 500 epochs (best: 3.575382e-02)
[2025-12-11 21:20:22,192][model_2d][INFO] -   No improvement for 600 epochs (best: 3.575382e-02)
[2025-12-11 21:20:34,057][model_2d][INFO] - Epoch  5400 | Loss: 0.233235 | PDE: 0.121645 | IC_u: 0.000169 | IC_v: 0.001623 | LR: 5.99e-04 | u_range: [-0.000, 0.070]
[2025-12-11 21:20:34,058][model_2d][INFO] -           Weights -> PDE: 1.04e+00, IC_u: 3.72e+02, IC_v: 2.68e+01
[2025-12-11 21:26:26,877][model_2d][INFO] -   No improvement for 700 epochs (best: 3.575382e-02)
[2025-12-11 21:32:26,156][model_2d][INFO] -   No improvement for 800 epochs (best: 3.575382e-02)
[2025-12-11 21:32:37,800][model_2d][INFO] - Epoch  5600 | Loss: 0.174369 | PDE: 0.033205 | IC_u: 0.000221 | IC_v: 0.001274 | LR: 5.69e-04 | u_range: [-0.000, 0.010]
[2025-12-11 21:32:37,801][model_2d][INFO] -           Weights -> PDE: 1.04e+00, IC_u: 4.76e+02, IC_v: 2.73e+01
[2025-12-11 21:38:25,056][model_2d][INFO] -   No improvement for 900 epochs (best: 3.575382e-02)
[2025-12-11 21:44:23,389][model_2d][INFO] -   No improvement for 1000 epochs (best: 3.575382e-02)
[2025-12-11 21:44:34,995][model_2d][INFO] - Epoch  5800 | Loss: 0.197554 | PDE: 0.108576 | IC_u: 0.000135 | IC_v: 0.000388 | LR: 5.69e-04 | u_range: [-0.000, 0.083]
[2025-12-11 21:44:34,996][model_2d][INFO] -           Weights -> PDE: 1.04e+00, IC_u: 5.51e+02, IC_v: 2.48e+01
[2025-12-11 21:50:25,246][model_2d][INFO] -   No improvement for 1100 epochs (best: 3.575382e-02)
[2025-12-11 21:56:30,049][model_2d][INFO] -   No improvement for 1200 epochs (best: 3.575382e-02)
[2025-12-11 21:56:41,814][model_2d][INFO] - Epoch  6000 | Loss: 0.351703 | PDE: 0.119095 | IC_u: 0.000449 | IC_v: 0.000768 | LR: 5.40e-04 | u_range: [-0.000, 0.049]
[2025-12-11 21:56:41,814][model_2d][INFO] -           Weights -> PDE: 1.04e+00, IC_u: 4.57e+02, IC_v: 2.96e+01
[2025-12-11 22:02:36,630][model_2d][INFO] - ✓ Test metric improved to 3.222696e-02 at epoch 6099
[2025-12-11 22:08:39,467][model_2d][INFO] -   No improvement for 100 epochs (best: 3.222696e-02)
[2025-12-11 22:08:50,852][model_2d][INFO] - Epoch  6200 | Loss: 0.786971 | PDE: 0.127718 | IC_u: 0.001025 | IC_v: 0.003534 | LR: 5.40e-04 | u_range: [-0.022, 0.039]
[2025-12-11 22:08:50,852][model_2d][INFO] -           Weights -> PDE: 1.04e+00, IC_u: 5.32e+02, IC_v: 3.11e+01
[2025-12-11 22:14:40,648][model_2d][INFO] -   No improvement for 200 epochs (best: 3.222696e-02)
[2025-12-11 22:20:40,467][model_2d][INFO] -   No improvement for 300 epochs (best: 3.222696e-02)
[2025-12-11 22:20:52,106][model_2d][INFO] - Epoch  6400 | Loss: 0.427176 | PDE: 0.101387 | IC_u: 0.000507 | IC_v: 0.000617 | LR: 5.40e-04 | u_range: [-0.006, 0.035]
[2025-12-11 22:20:52,106][model_2d][INFO] -           Weights -> PDE: 1.04e+00, IC_u: 5.98e+02, IC_v: 3.08e+01
[2025-12-11 22:26:43,740][model_2d][INFO] -   No improvement for 400 epochs (best: 3.222696e-02)
[2025-12-11 22:29:14,760][model_2d][INFO] - ✓ Test metric improved to 2.393042e-02 at epoch 6539
[2025-12-11 22:32:58,712][model_2d][INFO] - Epoch  6600 | Loss: 0.193098 | PDE: 0.052612 | IC_u: 0.000210 | IC_v: 0.000672 | LR: 5.13e-04 | u_range: [-0.000, 0.095]
[2025-12-11 22:32:58,712][model_2d][INFO] -           Weights -> PDE: 1.04e+00, IC_u: 5.63e+02, IC_v: 3.02e+01
[2025-12-11 22:35:16,851][model_2d][INFO] -   No improvement for 100 epochs (best: 2.393042e-02)
[2025-12-11 22:41:16,300][model_2d][INFO] -   No improvement for 200 epochs (best: 2.393042e-02)
[2025-12-11 22:42:27,805][model_2d][INFO] - ✓ Test metric improved to 2.329230e-02 at epoch 6759
[2025-12-11 22:45:02,807][model_2d][INFO] - Epoch  6800 | Loss: 0.277235 | PDE: 0.085515 | IC_u: 0.000335 | IC_v: 0.001342 | LR: 5.13e-04 | u_range: [-0.000, 0.021]
[2025-12-11 22:45:02,807][model_2d][INFO] -           Weights -> PDE: 1.05e+00, IC_u: 4.65e+02, IC_v: 2.38e+01
[2025-12-11 22:48:31,386][model_2d][INFO] -   No improvement for 100 epochs (best: 2.329230e-02)
[2025-12-11 22:54:34,249][model_2d][INFO] -   No improvement for 200 epochs (best: 2.329230e-02)
[2025-12-11 22:57:07,683][model_2d][INFO] - Epoch  7000 | Loss: 0.148720 | PDE: 0.060043 | IC_u: 0.000112 | IC_v: 0.001014 | LR: 4.88e-04 | u_range: [-0.000, 0.053]
[2025-12-11 22:57:07,683][model_2d][INFO] -           Weights -> PDE: 1.03e+00, IC_u: 4.79e+02, IC_v: 3.27e+01
[2025-12-11 23:00:37,659][model_2d][INFO] -   No improvement for 300 epochs (best: 2.329230e-02)
[2025-12-11 23:06:44,894][model_2d][INFO] -   No improvement for 400 epochs (best: 2.329230e-02)
[2025-12-11 23:09:17,264][model_2d][INFO] - Epoch  7200 | Loss: 0.105895 | PDE: 0.033230 | IC_u: 0.000107 | IC_v: 0.000562 | LR: 4.88e-04 | u_range: [-0.006, 0.060]
[2025-12-11 23:09:17,265][model_2d][INFO] -           Weights -> PDE: 1.04e+00, IC_u: 5.18e+02, IC_v: 2.88e+01
[2025-12-11 23:12:48,191][model_2d][INFO] -   No improvement for 500 epochs (best: 2.329230e-02)
[2025-12-11 23:19:08,827][model_2d][INFO] -   No improvement for 600 epochs (best: 2.329230e-02)
[2025-12-11 23:21:03,163][model_2d][INFO] - ✓ Test metric improved to 2.213171e-02 at epoch 7379
[2025-12-11 23:23:16,558][model_2d][INFO] - Epoch  7400 | Loss: 0.173036 | PDE: 0.047684 | IC_u: 0.000220 | IC_v: 0.000639 | LR: 4.88e-04 | u_range: [-0.000, 0.038]
[2025-12-11 23:23:16,559][model_2d][INFO] -           Weights -> PDE: 1.05e+00, IC_u: 4.90e+02, IC_v: 2.40e+01
[2025-12-11 23:30:48,721][model_2d][INFO] -   No improvement for 100 epochs (best: 2.213171e-02)
[2025-12-11 23:34:49,745][model_2d][INFO] - ✓ Test metric improved to 2.025251e-02 at epoch 7519
[2025-12-11 23:36:44,965][model_2d][INFO] - ✓ Test metric improved to 1.889086e-02 at epoch 7539
[2025-12-11 23:42:44,177][model_2d][INFO] - Epoch  7600 | Loss: 0.205109 | PDE: 0.036669 | IC_u: 0.000245 | IC_v: 0.000882 | LR: 4.63e-04 | u_range: [-0.000, 0.092]
[2025-12-11 23:42:44,178][model_2d][INFO] -           Weights -> PDE: 1.04e+00, IC_u: 5.72e+02, IC_v: 3.09e+01
[2025-12-11 23:46:26,557][model_2d][INFO] -   No improvement for 100 epochs (best: 1.889086e-02)
[2025-12-11 23:56:10,594][model_2d][INFO] -   No improvement for 200 epochs (best: 1.889086e-02)
[2025-12-12 00:02:12,387][model_2d][INFO] - Epoch  7800 | Loss: 0.178922 | PDE: 0.043234 | IC_u: 0.000241 | IC_v: 0.000278 | LR: 4.63e-04 | u_range: [-0.000, 0.043]
[2025-12-12 00:02:12,388][model_2d][INFO] -           Weights -> PDE: 1.04e+00, IC_u: 5.21e+02, IC_v: 3.08e+01
[2025-12-12 00:05:55,138][model_2d][INFO] -   No improvement for 300 epochs (best: 1.889086e-02)
[2025-12-12 00:15:39,060][model_2d][INFO] -   No improvement for 400 epochs (best: 1.889086e-02)
[2025-12-12 00:21:43,032][model_2d][INFO] - Epoch  8000 | Loss: 0.141550 | PDE: 0.065966 | IC_u: 0.000124 | IC_v: 0.000474 | LR: 4.40e-04 | u_range: [-0.016, 0.036]
[2025-12-12 00:21:43,033][model_2d][INFO] -           Weights -> PDE: 1.04e+00, IC_u: 4.90e+02, IC_v: 2.52e+01
[2025-12-12 00:25:27,649][model_2d][INFO] -   No improvement for 500 epochs (best: 1.889086e-02)
[2025-12-12 00:35:10,411][model_2d][INFO] -   No improvement for 600 epochs (best: 1.889086e-02)
[2025-12-12 00:41:11,834][model_2d][INFO] - Epoch  8200 | Loss: 0.078737 | PDE: 0.025463 | IC_u: 0.000093 | IC_v: 0.000405 | LR: 4.40e-04 | u_range: [-0.003, 0.043]
[2025-12-12 00:41:11,835][model_2d][INFO] -           Weights -> PDE: 1.04e+00, IC_u: 4.52e+02, IC_v: 2.47e+01
[2025-12-12 00:44:52,855][model_2d][INFO] -   No improvement for 700 epochs (best: 1.889086e-02)
[2025-12-12 00:54:34,344][model_2d][INFO] -   No improvement for 800 epochs (best: 1.889086e-02)
[2025-12-12 01:00:34,348][model_2d][INFO] - Epoch  8400 | Loss: 0.100100 | PDE: 0.059330 | IC_u: 0.000064 | IC_v: 0.000187 | LR: 4.40e-04 | u_range: [-0.000, 0.082]
[2025-12-12 01:00:34,350][model_2d][INFO] -           Weights -> PDE: 1.04e+00, IC_u: 5.21e+02, IC_v: 2.87e+01
[2025-12-12 01:04:15,333][model_2d][INFO] -   No improvement for 900 epochs (best: 1.889086e-02)
[2025-12-12 01:13:54,576][model_2d][INFO] -   No improvement for 1000 epochs (best: 1.889086e-02)
[2025-12-12 01:19:53,614][model_2d][INFO] - Epoch  8600 | Loss: 0.082198 | PDE: 0.031894 | IC_u: 0.000078 | IC_v: 0.000505 | LR: 4.18e-04 | u_range: [-0.000, 0.055]
[2025-12-12 01:19:53,615][model_2d][INFO] -           Weights -> PDE: 1.05e+00, IC_u: 4.72e+02, IC_v: 2.42e+01
[2025-12-12 01:23:36,263][model_2d][INFO] -   No improvement for 1100 epochs (best: 1.889086e-02)
[2025-12-12 01:33:20,481][model_2d][INFO] -   No improvement for 1200 epochs (best: 1.889086e-02)
[2025-12-12 01:39:23,027][model_2d][INFO] - Epoch  8800 | Loss: 0.091379 | PDE: 0.028739 | IC_u: 0.000112 | IC_v: 0.000382 | LR: 4.18e-04 | u_range: [-0.000, 0.026]
[2025-12-12 01:39:23,028][model_2d][INFO] -           Weights -> PDE: 1.04e+00, IC_u: 4.53e+02, IC_v: 2.83e+01
[2025-12-12 01:43:08,515][model_2d][INFO] -   No improvement for 1300 epochs (best: 1.889086e-02)
[2025-12-12 01:45:01,920][model_2d][INFO] - ✓ Test metric improved to 1.802428e-02 at epoch 8859
[2025-12-12 01:52:48,659][model_2d][INFO] - ✓ Test metric improved to 1.498811e-02 at epoch 8939
[2025-12-12 01:58:51,058][model_2d][INFO] - Epoch  9000 | Loss: 0.458784 | PDE: 0.094012 | IC_u: 0.000637 | IC_v: 0.001838 | LR: 3.97e-04 | u_range: [-0.000, 0.060]
[2025-12-12 01:58:51,059][model_2d][INFO] -           Weights -> PDE: 1.04e+00, IC_u: 4.85e+02, IC_v: 2.84e+01
[2025-12-12 02:02:33,100][model_2d][INFO] -   No improvement for 100 epochs (best: 1.498811e-02)
[2025-12-12 02:12:19,376][model_2d][INFO] - ✓ Test metric improved to 1.378211e-02 at epoch 9139
[2025-12-12 02:18:18,948][model_2d][INFO] - Epoch  9200 | Loss: 0.214364 | PDE: 0.082870 | IC_u: 0.000408 | IC_v: 0.001185 | LR: 3.97e-04 | u_range: [-0.000, 0.044]
[2025-12-12 02:18:18,949][model_2d][INFO] -           Weights -> PDE: 1.07e+00, IC_u: 2.60e+02, IC_v: 1.68e+01
[2025-12-12 02:22:01,888][model_2d][INFO] -   No improvement for 100 epochs (best: 1.378211e-02)
[2025-12-12 02:31:43,845][model_2d][INFO] -   No improvement for 200 epochs (best: 1.378211e-02)
[2025-12-12 02:37:43,284][model_2d][INFO] - Epoch  9400 | Loss: 0.096895 | PDE: 0.032010 | IC_u: 0.000074 | IC_v: 0.000553 | LR: 3.97e-04 | u_range: [-0.000, 0.073]
[2025-12-12 02:37:43,285][model_2d][INFO] -           Weights -> PDE: 1.03e+00, IC_u: 6.20e+02, IC_v: 3.21e+01
[2025-12-12 02:41:26,814][model_2d][INFO] -   No improvement for 300 epochs (best: 1.378211e-02)
[2025-12-12 02:51:09,232][model_2d][INFO] -   No improvement for 400 epochs (best: 1.378211e-02)
[2025-12-12 02:57:08,393][model_2d][INFO] - Epoch  9600 | Loss: 0.238469 | PDE: 0.056562 | IC_u: 0.000362 | IC_v: 0.001216 | LR: 3.77e-04 | u_range: [-0.000, 0.051]
[2025-12-12 02:57:08,394][model_2d][INFO] -           Weights -> PDE: 1.05e+00, IC_u: 4.23e+02, IC_v: 2.10e+01
[2025-12-12 03:00:49,502][model_2d][INFO] -   No improvement for 500 epochs (best: 1.378211e-02)
[2025-12-12 03:10:31,227][model_2d][INFO] -   No improvement for 600 epochs (best: 1.378211e-02)
[2025-12-12 03:16:31,289][model_2d][INFO] - Epoch  9800 | Loss: 0.075190 | PDE: 0.022972 | IC_u: 0.000090 | IC_v: 0.000225 | LR: 3.77e-04 | u_range: [-0.005, 0.009]
[2025-12-12 03:16:31,290][model_2d][INFO] -           Weights -> PDE: 1.04e+00, IC_u: 5.08e+02, IC_v: 2.44e+01
[2025-12-12 03:20:16,299][model_2d][INFO] -   No improvement for 700 epochs (best: 1.378211e-02)
[2025-12-12 03:30:05,370][model_2d][INFO] -   No improvement for 800 epochs (best: 1.378211e-02)
[2025-12-12 03:36:06,091][model_2d][INFO] - Epoch 10000 | Loss: 0.081013 | PDE: 0.019246 | IC_u: 0.000087 | IC_v: 0.000287 | LR: 3.58e-04 | u_range: [-0.006, 0.040]
[2025-12-12 03:36:06,092][model_2d][INFO] -           Weights -> PDE: 1.04e+00, IC_u: 6.13e+02, IC_v: 2.65e+01
[2025-12-12 03:39:48,697][model_2d][INFO] -   No improvement for 900 epochs (best: 1.378211e-02)
[2025-12-12 03:49:30,944][model_2d][INFO] -   No improvement for 1000 epochs (best: 1.378211e-02)
[2025-12-12 03:51:23,878][model_2d][INFO] - ✓ Test metric improved to 9.372193e-03 at epoch 10159
[2025-12-12 03:55:30,563][model_2d][INFO] - Epoch 10200 | Loss: 0.133320 | PDE: 0.068289 | IC_u: 0.000232 | IC_v: 0.000298 | LR: 3.58e-04 | u_range: [-0.000, 0.070]
[2025-12-12 03:55:30,564][model_2d][INFO] -           Weights -> PDE: 1.11e+00, IC_u: 2.35e+02, IC_v: 1.08e+01
[2025-12-12 04:01:07,539][model_2d][INFO] -   No improvement for 100 epochs (best: 9.372193e-03)
[2025-12-12 04:10:56,094][model_2d][INFO] -   No improvement for 200 epochs (best: 9.372193e-03)
[2025-12-12 04:15:02,514][model_2d][INFO] - Epoch 10400 | Loss: 0.111855 | PDE: 0.016884 | IC_u: 0.000124 | IC_v: 0.000441 | LR: 3.58e-04 | u_range: [-0.000, 0.068]
[2025-12-12 04:15:02,515][model_2d][INFO] -           Weights -> PDE: 1.03e+00, IC_u: 6.45e+02, IC_v: 3.29e+01
[2025-12-12 04:20:41,010][model_2d][INFO] -   No improvement for 300 epochs (best: 9.372193e-03)
[2025-12-12 04:30:24,179][model_2d][INFO] -   No improvement for 400 epochs (best: 9.372193e-03)
[2025-12-12 04:34:29,102][model_2d][INFO] - Epoch 10600 | Loss: 0.054233 | PDE: 0.026385 | IC_u: 0.000100 | IC_v: 0.000365 | LR: 3.41e-04 | u_range: [-0.001, 0.077]
[2025-12-12 04:34:29,103][model_2d][INFO] -           Weights -> PDE: 1.10e+00, IC_u: 2.10e+02, IC_v: 1.20e+01
[2025-12-12 04:40:02,707][model_2d][INFO] -   No improvement for 500 epochs (best: 9.372193e-03)
[2025-12-12 04:49:44,589][model_2d][INFO] -   No improvement for 600 epochs (best: 9.372193e-03)
[2025-12-12 04:53:31,083][model_2d][INFO] - ✓ Test metric improved to 8.460136e-03 at epoch 10799
[2025-12-12 04:53:47,795][model_2d][INFO] - Epoch 10800 | Loss: 0.082496 | PDE: 0.009252 | IC_u: 0.000092 | IC_v: 0.000496 | LR: 3.41e-04 | u_range: [-0.000, 0.077]
[2025-12-12 04:53:47,796][model_2d][INFO] -           Weights -> PDE: 1.03e+00, IC_u: 6.00e+02, IC_v: 3.61e+01
[2025-12-12 04:55:36,468][model_2d][INFO] - ✓ Test metric improved to 7.839727e-03 at epoch 10819
[2025-12-12 05:05:24,480][model_2d][INFO] -   No improvement for 100 epochs (best: 7.839727e-03)
[2025-12-12 05:13:24,871][model_2d][INFO] - Epoch 11000 | Loss: 0.040488 | PDE: 0.026841 | IC_u: 0.000048 | IC_v: 0.000138 | LR: 3.24e-04 | u_range: [-0.004, 0.060]
[2025-12-12 05:13:24,872][model_2d][INFO] -           Weights -> PDE: 1.10e+00, IC_u: 1.94e+02, IC_v: 1.16e+01
[2025-12-12 05:15:13,303][model_2d][INFO] -   No improvement for 200 epochs (best: 7.839727e-03)
[2025-12-12 05:25:00,834][model_2d][INFO] -   No improvement for 300 epochs (best: 7.839727e-03)
[2025-12-12 05:33:00,950][model_2d][INFO] - Epoch 11200 | Loss: 0.108867 | PDE: 0.027155 | IC_u: 0.000181 | IC_v: 0.000277 | LR: 3.24e-04 | u_range: [-0.000, 0.006]
[2025-12-12 05:33:00,951][model_2d][INFO] -           Weights -> PDE: 1.04e+00, IC_u: 4.04e+02, IC_v: 2.65e+01
[2025-12-12 05:34:51,214][model_2d][INFO] -   No improvement for 400 epochs (best: 7.839727e-03)
[2025-12-12 05:44:36,228][model_2d][INFO] -   No improvement for 500 epochs (best: 7.839727e-03)
[2025-12-12 05:52:09,465][model_2d][INFO] - ✓ Test metric improved to 5.327630e-03 at epoch 11399
[2025-12-12 05:52:26,872][model_2d][INFO] - Epoch 11400 | Loss: 0.044773 | PDE: 0.006452 | IC_u: 0.000082 | IC_v: 0.000152 | LR: 3.24e-04 | u_range: [-0.002, 0.077]
[2025-12-12 05:52:26,872][model_2d][INFO] -           Weights -> PDE: 1.05e+00, IC_u: 4.23e+02, IC_v: 2.05e+01
[2025-12-12 06:01:47,850][model_2d][INFO] -   No improvement for 100 epochs (best: 5.327630e-03)
[2025-12-12 06:11:33,667][model_2d][INFO] -   No improvement for 200 epochs (best: 5.327630e-03)
[2025-12-12 06:11:52,728][model_2d][INFO] - Epoch 11600 | Loss: 0.041929 | PDE: 0.018044 | IC_u: 0.000108 | IC_v: 0.000122 | LR: 3.07e-04 | u_range: [-0.000, 0.073]
[2025-12-12 06:11:52,729][model_2d][INFO] -           Weights -> PDE: 1.14e+00, IC_u: 1.88e+02, IC_v: 8.28e+00
[2025-12-12 06:21:15,524][model_2d][INFO] -   No improvement for 300 epochs (best: 5.327630e-03)
[2025-12-12 06:30:56,433][model_2d][INFO] -   No improvement for 400 epochs (best: 5.327630e-03)
[2025-12-12 06:31:14,252][model_2d][INFO] - Epoch 11800 | Loss: 0.098731 | PDE: 0.025935 | IC_u: 0.000132 | IC_v: 0.000169 | LR: 3.07e-04 | u_range: [-0.011, 0.055]
[2025-12-12 06:31:14,253][model_2d][INFO] -           Weights -> PDE: 1.04e+00, IC_u: 5.07e+02, IC_v: 2.78e+01
[2025-12-12 06:40:37,367][model_2d][INFO] -   No improvement for 500 epochs (best: 5.327630e-03)
[2025-12-12 06:50:16,131][model_2d][INFO] -   No improvement for 600 epochs (best: 5.327630e-03)
[2025-12-12 06:50:32,661][model_2d][INFO] - Epoch 12000 | Loss: 0.078152 | PDE: 0.010661 | IC_u: 0.000104 | IC_v: 0.000360 | LR: 2.92e-04 | u_range: [-0.000, 0.076]
[2025-12-12 06:50:32,662][model_2d][INFO] -           Weights -> PDE: 1.04e+00, IC_u: 5.43e+02, IC_v: 2.93e+01
[2025-12-12 06:59:52,715][model_2d][INFO] -   No improvement for 700 epochs (best: 5.327630e-03)
[2025-12-12 07:09:33,182][model_2d][INFO] -   No improvement for 800 epochs (best: 5.327630e-03)
[2025-12-12 07:09:51,442][model_2d][INFO] - Epoch 12200 | Loss: 0.119620 | PDE: 0.010014 | IC_u: 0.000189 | IC_v: 0.000232 | LR: 2.92e-04 | u_range: [-0.003, 0.080]
[2025-12-12 07:09:51,443][model_2d][INFO] -           Weights -> PDE: 1.04e+00, IC_u: 5.45e+02, IC_v: 2.64e+01
[2025-12-12 07:19:12,991][model_2d][INFO] -   No improvement for 900 epochs (best: 5.327630e-03)
[2025-12-12 07:28:51,268][model_2d][INFO] -   No improvement for 1000 epochs (best: 5.327630e-03)
[2025-12-12 07:29:09,019][model_2d][INFO] - Epoch 12400 | Loss: 0.078590 | PDE: 0.029579 | IC_u: 0.000091 | IC_v: 0.000126 | LR: 2.92e-04 | u_range: [-0.000, 0.082]
[2025-12-12 07:29:09,020][model_2d][INFO] -           Weights -> PDE: 1.05e+00, IC_u: 4.92e+02, IC_v: 2.03e+01
[2025-12-12 07:38:30,269][model_2d][INFO] -   No improvement for 1100 epochs (best: 5.327630e-03)
[2025-12-12 07:48:12,981][model_2d][INFO] -   No improvement for 1200 epochs (best: 5.327630e-03)
[2025-12-12 07:48:31,521][model_2d][INFO] - Epoch 12600 | Loss: 0.041658 | PDE: 0.020395 | IC_u: 0.000038 | IC_v: 0.000309 | LR: 2.77e-04 | u_range: [-0.000, 0.084]
[2025-12-12 07:48:31,523][model_2d][INFO] -           Weights -> PDE: 1.07e+00, IC_u: 3.83e+02, IC_v: 1.69e+01
[2025-12-12 07:57:58,364][model_2d][INFO] -   No improvement for 1300 epochs (best: 5.327630e-03)
[2025-12-12 08:05:13,848][model_2d][INFO] -   No improvement for 1400 epochs (best: 5.327630e-03)
[2025-12-12 08:05:25,910][model_2d][INFO] - Epoch 12800 | Loss: 0.050555 | PDE: 0.027267 | IC_u: 0.000059 | IC_v: 0.000138 | LR: 2.77e-04 | u_range: [-0.000, 0.099]
[2025-12-12 08:05:25,911][model_2d][INFO] -           Weights -> PDE: 1.07e+00, IC_u: 3.24e+02, IC_v: 1.62e+01
[2025-12-12 08:11:13,369][model_2d][INFO] -   No improvement for 1500 epochs (best: 5.327630e-03)
[2025-12-12 08:17:12,116][model_2d][INFO] -   No improvement for 1600 epochs (best: 5.327630e-03)
[2025-12-12 08:17:22,891][model_2d][INFO] - Epoch 13000 | Loss: 0.059580 | PDE: 0.011799 | IC_u: 0.000055 | IC_v: 0.000193 | LR: 2.64e-04 | u_range: [-0.003, 0.055]
[2025-12-12 08:17:22,891][model_2d][INFO] -           Weights -> PDE: 1.04e+00, IC_u: 7.51e+02, IC_v: 3.08e+01
[2025-12-12 08:23:08,255][model_2d][INFO] -   No improvement for 1700 epochs (best: 5.327630e-03)
[2025-12-12 08:29:07,477][model_2d][INFO] -   No improvement for 1800 epochs (best: 5.327630e-03)
[2025-12-12 08:29:19,313][model_2d][INFO] - Epoch 13200 | Loss: 0.057209 | PDE: 0.016681 | IC_u: 0.000072 | IC_v: 0.000151 | LR: 2.64e-04 | u_range: [-0.009, 0.049]
[2025-12-12 08:29:19,314][model_2d][INFO] -           Weights -> PDE: 1.04e+00, IC_u: 5.00e+02, IC_v: 2.48e+01
[2025-12-12 08:35:07,015][model_2d][INFO] -   No improvement for 1900 epochs (best: 5.327630e-03)
[2025-12-12 08:41:04,461][model_2d][INFO] -   No improvement for 2000 epochs (best: 5.327630e-03)
[2025-12-12 08:41:15,936][model_2d][INFO] - Epoch 13400 | Loss: 0.038593 | PDE: 0.028200 | IC_u: 0.000013 | IC_v: 0.000096 | LR: 2.64e-04 | u_range: [-0.000, 0.072]
[2025-12-12 08:41:15,936][model_2d][INFO] -           Weights -> PDE: 1.04e+00, IC_u: 5.23e+02, IC_v: 2.77e+01
[2025-12-12 08:47:01,818][model_2d][INFO] -   No improvement for 2100 epochs (best: 5.327630e-03)
[2025-12-12 08:52:59,045][model_2d][INFO] -   No improvement for 2200 epochs (best: 5.327630e-03)
[2025-12-12 08:53:08,677][model_2d][INFO] - Epoch 13600 | Loss: 0.042280 | PDE: 0.011505 | IC_u: 0.000069 | IC_v: 0.000065 | LR: 2.50e-04 | u_range: [-0.000, 0.097]
[2025-12-12 08:53:08,677][model_2d][INFO] -           Weights -> PDE: 1.05e+00, IC_u: 4.15e+02, IC_v: 2.40e+01
[2025-12-12 08:58:54,817][model_2d][INFO] -   No improvement for 2300 epochs (best: 5.327630e-03)
[2025-12-12 09:04:56,585][model_2d][INFO] -   No improvement for 2400 epochs (best: 5.327630e-03)
[2025-12-12 09:05:08,293][model_2d][INFO] - Epoch 13800 | Loss: 0.042528 | PDE: 0.009794 | IC_u: 0.000071 | IC_v: 0.000138 | LR: 2.50e-04 | u_range: [-0.000, 0.038]
[2025-12-12 09:05:08,294][model_2d][INFO] -           Weights -> PDE: 1.05e+00, IC_u: 4.12e+02, IC_v: 2.15e+01
[2025-12-12 09:11:00,946][model_2d][INFO] -   No improvement for 2500 epochs (best: 5.327630e-03)
[2025-12-12 09:17:00,941][model_2d][INFO] -   No improvement for 2600 epochs (best: 5.327630e-03)
[2025-12-12 09:17:12,272][model_2d][INFO] - Epoch 14000 | Loss: 0.039162 | PDE: 0.020281 | IC_u: 0.000025 | IC_v: 0.000114 | LR: 2.38e-04 | u_range: [-0.010, 0.044]
[2025-12-12 09:17:12,273][model_2d][INFO] -           Weights -> PDE: 1.04e+00, IC_u: 5.90e+02, IC_v: 2.87e+01
[2025-12-12 09:20:36,445][model_2d][INFO] - ✓ Test metric improved to 5.216593e-03 at epoch 14059
[2025-12-12 09:26:38,453][model_2d][INFO] -   No improvement for 100 epochs (best: 5.216593e-03)
[2025-12-12 09:27:49,573][model_2d][INFO] - ✓ Test metric improved to 4.415665e-03 at epoch 14179
[2025-12-12 09:29:10,479][model_2d][INFO] - Epoch 14200 | Loss: 0.049217 | PDE: 0.005108 | IC_u: 0.000065 | IC_v: 0.000324 | LR: 2.38e-04 | u_range: [-0.016, 0.030]
[2025-12-12 09:29:10,480][model_2d][INFO] -           Weights -> PDE: 1.03e+00, IC_u: 5.14e+02, IC_v: 3.21e+01
[2025-12-12 09:33:50,503][model_2d][INFO] -   No improvement for 100 epochs (best: 4.415665e-03)
[2025-12-12 09:43:07,894][model_2d][INFO] -   No improvement for 200 epochs (best: 4.415665e-03)
[2025-12-12 09:45:22,939][model_2d][INFO] - Epoch 14400 | Loss: 0.021790 | PDE: 0.005473 | IC_u: 0.000038 | IC_v: 0.000120 | LR: 2.38e-04 | u_range: [-0.000, 0.092]
[2025-12-12 09:45:22,940][model_2d][INFO] -           Weights -> PDE: 1.05e+00, IC_u: 3.59e+02, IC_v: 2.11e+01
[2025-12-12 09:53:15,941][model_2d][INFO] -   No improvement for 300 epochs (best: 4.415665e-03)
[2025-12-12 10:03:27,176][model_2d][INFO] -   No improvement for 400 epochs (best: 4.415665e-03)
[2025-12-12 10:05:46,787][model_2d][INFO] - Epoch 14600 | Loss: 0.031992 | PDE: 0.004780 | IC_u: 0.000041 | IC_v: 0.000118 | LR: 2.26e-04 | u_range: [-0.001, 0.048]
[2025-12-12 10:05:46,787][model_2d][INFO] -           Weights -> PDE: 1.04e+00, IC_u: 5.84e+02, IC_v: 2.58e+01
[2025-12-12 10:13:48,451][model_2d][INFO] -   No improvement for 500 epochs (best: 4.415665e-03)
[2025-12-12 10:23:57,475][model_2d][INFO] -   No improvement for 600 epochs (best: 4.415665e-03)
[2025-12-12 10:26:12,117][model_2d][INFO] - Epoch 14800 | Loss: 0.042627 | PDE: 0.008574 | IC_u: 0.000051 | IC_v: 0.000210 | LR: 2.26e-04 | u_range: [-0.000, 0.047]
[2025-12-12 10:26:12,118][model_2d][INFO] -           Weights -> PDE: 1.04e+00, IC_u: 5.29e+02, IC_v: 3.13e+01
[2025-12-12 10:33:49,364][model_2d][INFO] -   No improvement for 700 epochs (best: 4.415665e-03)
[2025-12-12 10:43:39,331][model_2d][INFO] -   No improvement for 800 epochs (best: 4.415665e-03)
[2025-12-12 10:45:54,666][model_2d][INFO] - Epoch 15000 | Loss: 0.038619 | PDE: 0.012560 | IC_u: 0.000050 | IC_v: 0.000049 | LR: 2.15e-04 | u_range: [-0.012, 0.010]
[2025-12-12 10:45:54,667][model_2d][INFO] -           Weights -> PDE: 1.04e+00, IC_u: 4.88e+02, IC_v: 2.45e+01
[2025-12-12 12:23:25,171][model_2d][INFO] -   No improvement for 900 epochs (best: 4.415665e-03)
[2025-12-12 12:27:34,674][model_2d][INFO] - ✓ Test metric improved to 3.337850e-03 at epoch 15119
[2025-12-12 12:35:40,597][model_2d][INFO] - Epoch 15200 | Loss: 0.104137 | PDE: 0.009658 | IC_u: 0.000151 | IC_v: 0.000201 | LR: 2.15e-04 | u_range: [-0.000, 0.062]
[2025-12-12 12:35:40,599][model_2d][INFO] -           Weights -> PDE: 1.04e+00, IC_u: 5.84e+02, IC_v: 3.03e+01
[2025-12-12 12:37:29,026][model_2d][INFO] -   No improvement for 100 epochs (best: 3.337850e-03)
[2025-12-12 12:47:17,769][model_2d][INFO] -   No improvement for 200 epochs (best: 3.337850e-03)
[2025-12-12 12:55:13,931][model_2d][INFO] - Epoch 15400 | Loss: 0.028358 | PDE: 0.007888 | IC_u: 0.000035 | IC_v: 0.000036 | LR: 2.15e-04 | u_range: [-0.000, 0.099]
[2025-12-12 12:55:13,932][model_2d][INFO] -           Weights -> PDE: 1.04e+00, IC_u: 5.43e+02, IC_v: 2.98e+01
[2025-12-12 12:57:00,731][model_2d][INFO] -   No improvement for 300 epochs (best: 3.337850e-03)
[2025-12-12 13:06:45,251][model_2d][INFO] -   No improvement for 400 epochs (best: 3.337850e-03)
[2025-12-12 13:14:42,466][model_2d][INFO] - Epoch 15600 | Loss: 0.011116 | PDE: 0.005306 | IC_u: 0.000008 | IC_v: 0.000033 | LR: 2.04e-04 | u_range: [-0.012, 0.067]
[2025-12-12 13:14:42,467][model_2d][INFO] -           Weights -> PDE: 1.04e+00, IC_u: 5.98e+02, IC_v: 2.54e+01
[2025-12-12 13:16:32,757][model_2d][INFO] -   No improvement for 500 epochs (best: 3.337850e-03)
[2025-12-12 13:24:13,678][model_2d][INFO] - ✓ Test metric improved to 3.306323e-03 at epoch 15699
[2025-12-12 13:33:55,439][model_2d][INFO] -   No improvement for 100 epochs (best: 3.306323e-03)
[2025-12-12 13:34:12,770][model_2d][INFO] - Epoch 15800 | Loss: 0.009412 | PDE: 0.005302 | IC_u: 0.000022 | IC_v: 0.000046 | LR: 2.04e-04 | u_range: [-0.000, 0.067]
[2025-12-12 13:34:12,771][model_2d][INFO] -           Weights -> PDE: 1.18e+00, IC_u: 1.31e+02, IC_v: 7.04e+00
[2025-12-12 13:43:37,363][model_2d][INFO] -   No improvement for 200 epochs (best: 3.306323e-03)
[2025-12-12 13:53:24,556][model_2d][INFO] -   No improvement for 300 epochs (best: 3.306323e-03)
[2025-12-12 13:53:42,946][model_2d][INFO] - Epoch 16000 | Loss: 0.046737 | PDE: 0.011999 | IC_u: 0.000078 | IC_v: 0.000074 | LR: 1.94e-04 | u_range: [-0.000, 0.091]
[2025-12-12 13:53:42,947][model_2d][INFO] -           Weights -> PDE: 1.05e+00, IC_u: 4.14e+02, IC_v: 2.33e+01
[2025-12-12 14:03:06,431][model_2d][INFO] -   No improvement for 400 epochs (best: 3.306323e-03)
[2025-12-12 14:12:52,398][model_2d][INFO] -   No improvement for 500 epochs (best: 3.306323e-03)
[2025-12-12 14:13:07,660][model_2d][INFO] - Epoch 16200 | Loss: 0.028201 | PDE: 0.003035 | IC_u: 0.000042 | IC_v: 0.000040 | LR: 1.94e-04 | u_range: [-0.018, 0.052]
[2025-12-12 14:13:07,661][model_2d][INFO] -           Weights -> PDE: 1.04e+00, IC_u: 5.75e+02, IC_v: 2.61e+01
[2025-12-12 14:20:43,165][model_2d][INFO] - ✓ Test metric improved to 3.129100e-03 at epoch 16279
[2025-12-12 14:30:39,988][model_2d][INFO] -   No improvement for 100 epochs (best: 3.129100e-03)
[2025-12-12 14:32:58,586][model_2d][INFO] - Epoch 16400 | Loss: 0.047719 | PDE: 0.010115 | IC_u: 0.000075 | IC_v: 0.000269 | LR: 1.94e-04 | u_range: [-0.030, 0.030]
[2025-12-12 14:32:58,587][model_2d][INFO] -           Weights -> PDE: 1.05e+00, IC_u: 4.19e+02, IC_v: 2.16e+01
[2025-12-12 14:40:41,843][model_2d][INFO] -   No improvement for 200 epochs (best: 3.129100e-03)
[2025-12-12 14:50:48,243][model_2d][INFO] -   No improvement for 300 epochs (best: 3.129100e-03)
[2025-12-12 14:53:02,611][model_2d][INFO] - Epoch 16600 | Loss: 0.019676 | PDE: 0.006437 | IC_u: 0.000023 | IC_v: 0.000054 | LR: 1.84e-04 | u_range: [-0.000, 0.089]
[2025-12-12 14:53:02,612][model_2d][INFO] -           Weights -> PDE: 1.04e+00, IC_u: 5.08e+02, IC_v: 2.53e+01
[2025-12-12 15:01:00,475][model_2d][INFO] -   No improvement for 400 epochs (best: 3.129100e-03)
[2025-12-12 15:11:09,782][model_2d][INFO] -   No improvement for 500 epochs (best: 3.129100e-03)
[2025-12-12 15:13:29,239][model_2d][INFO] - Epoch 16800 | Loss: 0.020463 | PDE: 0.007886 | IC_u: 0.000022 | IC_v: 0.000153 | LR: 1.84e-04 | u_range: [-0.000, 0.059]
[2025-12-12 15:13:29,239][model_2d][INFO] -           Weights -> PDE: 1.06e+00, IC_u: 4.09e+02, IC_v: 1.99e+01
[2025-12-12 15:21:21,380][model_2d][INFO] -   No improvement for 600 epochs (best: 3.129100e-03)
[2025-12-12 15:31:35,286][model_2d][INFO] -   No improvement for 700 epochs (best: 3.129100e-03)
[2025-12-12 15:33:55,309][model_2d][INFO] - Epoch 17000 | Loss: 0.013436 | PDE: 0.006912 | IC_u: 0.000031 | IC_v: 0.000071 | LR: 1.75e-04 | u_range: [-0.000, 0.073]
[2025-12-12 15:33:55,310][model_2d][INFO] -           Weights -> PDE: 1.13e+00, IC_u: 1.62e+02, IC_v: 9.09e+00
[2025-12-12 15:41:49,845][model_2d][INFO] -   No improvement for 800 epochs (best: 3.129100e-03)
[2025-12-12 15:52:06,010][model_2d][INFO] -   No improvement for 900 epochs (best: 3.129100e-03)
[2025-12-12 15:54:27,302][model_2d][INFO] - Epoch 17200 | Loss: 0.019488 | PDE: 0.006332 | IC_u: 0.000018 | IC_v: 0.000161 | LR: 1.75e-04 | u_range: [-0.000, 0.049]
[2025-12-12 15:54:27,303][model_2d][INFO] -           Weights -> PDE: 1.04e+00, IC_u: 4.76e+02, IC_v: 2.57e+01
[2025-12-12 16:02:25,177][model_2d][INFO] -   No improvement for 1000 epochs (best: 3.129100e-03)
[2025-12-12 16:12:44,926][model_2d][INFO] -   No improvement for 1100 epochs (best: 3.129100e-03)
[2025-12-12 16:15:05,036][model_2d][INFO] - Epoch 17400 | Loss: 0.030191 | PDE: 0.012782 | IC_u: 0.000032 | IC_v: 0.000129 | LR: 1.75e-04 | u_range: [-0.000, 0.039]
[2025-12-12 16:15:05,037][model_2d][INFO] -           Weights -> PDE: 1.04e+00, IC_u: 4.18e+02, IC_v: 2.85e+01
[2025-12-12 16:22:58,165][model_2d][INFO] -   No improvement for 1200 epochs (best: 3.129100e-03)
[2025-12-12 16:33:15,227][model_2d][INFO] - ✓ Test metric improved to 2.386673e-03 at epoch 17579
[2025-12-12 16:35:36,758][model_2d][INFO] - Epoch 17600 | Loss: 0.025406 | PDE: 0.004235 | IC_u: 0.000040 | IC_v: 0.000058 | LR: 1.66e-04 | u_range: [-0.000, 0.103]
[2025-12-12 16:35:36,759][model_2d][INFO] -           Weights -> PDE: 1.04e+00, IC_u: 4.86e+02, IC_v: 2.61e+01
[2025-12-12 16:43:34,770][model_2d][INFO] -   No improvement for 100 epochs (best: 2.386673e-03)
[2025-12-12 16:53:38,658][model_2d][INFO] -   No improvement for 200 epochs (best: 2.386673e-03)
[2025-12-12 16:55:56,608][model_2d][INFO] - Epoch 17800 | Loss: 0.019566 | PDE: 0.003650 | IC_u: 0.000027 | IC_v: 0.000143 | LR: 1.66e-04 | u_range: [-0.000, 0.040]
[2025-12-12 16:55:56,609][model_2d][INFO] -           Weights -> PDE: 1.05e+00, IC_u: 4.62e+02, IC_v: 2.18e+01
[2025-12-12 17:03:39,597][model_2d][INFO] -   No improvement for 300 epochs (best: 2.386673e-03)
[2025-12-12 17:13:57,322][model_2d][INFO] -   No improvement for 400 epochs (best: 2.386673e-03)
[2025-12-12 17:15:21,404][model_2d][INFO] - Epoch 18000 | Loss: 0.026885 | PDE: 0.006389 | IC_u: 0.000030 | IC_v: 0.000137 | LR: 1.58e-04 | u_range: [-0.045, 0.026]
[2025-12-12 17:15:21,405][model_2d][INFO] -           Weights -> PDE: 1.04e+00, IC_u: 5.43e+02, IC_v: 2.86e+01
[2025-12-12 17:20:05,688][model_2d][INFO] -   No improvement for 500 epochs (best: 2.386673e-03)
[2025-12-12 17:23:49,440][model_2d][INFO] - ✓ Test metric improved to 2.055468e-03 at epoch 18139
[2025-12-12 17:27:38,926][model_2d][INFO] - Epoch 18200 | Loss: 0.008643 | PDE: 0.005140 | IC_u: 0.000011 | IC_v: 0.000087 | LR: 1.58e-04 | u_range: [-0.000, 0.042]
[2025-12-12 17:27:38,928][model_2d][INFO] -           Weights -> PDE: 1.11e+00, IC_u: 1.83e+02, IC_v: 1.10e+01
[2025-12-12 17:29:59,340][model_2d][INFO] -   No improvement for 100 epochs (best: 2.055468e-03)
[2025-12-12 17:36:07,768][model_2d][INFO] -   No improvement for 200 epochs (best: 2.055468e-03)
[2025-12-12 17:39:52,897][model_2d][INFO] - Epoch 18400 | Loss: 0.015464 | PDE: 0.002906 | IC_u: 0.000026 | IC_v: 0.000049 | LR: 1.58e-04 | u_range: [-0.000, 0.018]
[2025-12-12 17:39:52,898][model_2d][INFO] -           Weights -> PDE: 1.05e+00, IC_u: 4.39e+02, IC_v: 2.12e+01
[2025-12-12 17:42:13,274][model_2d][INFO] -   No improvement for 300 epochs (best: 2.055468e-03)
[2025-12-12 17:48:20,691][model_2d][INFO] -   No improvement for 400 epochs (best: 2.055468e-03)
[2025-12-12 17:52:08,382][model_2d][INFO] - Epoch 18600 | Loss: 0.020427 | PDE: 0.006650 | IC_u: 0.000030 | IC_v: 0.000225 | LR: 1.50e-04 | u_range: [-0.000, 0.053]
[2025-12-12 17:52:08,383][model_2d][INFO] -           Weights -> PDE: 1.07e+00, IC_u: 3.21e+02, IC_v: 1.69e+01
[2025-12-12 17:54:28,945][model_2d][INFO] -   No improvement for 500 epochs (best: 2.055468e-03)
[2025-12-12 18:00:28,664][model_2d][INFO] -   No improvement for 600 epochs (best: 2.055468e-03)
[2025-12-12 18:04:09,790][model_2d][INFO] - Epoch 18800 | Loss: 0.011200 | PDE: 0.003918 | IC_u: 0.000014 | IC_v: 0.000045 | LR: 1.50e-04 | u_range: [-0.005, 0.081]
[2025-12-12 18:04:09,790][model_2d][INFO] -           Weights -> PDE: 1.04e+00, IC_u: 4.39e+02, IC_v: 2.50e+01
[2025-12-12 18:06:29,945][model_2d][INFO] -   No improvement for 700 epochs (best: 2.055468e-03)
[2025-12-12 18:09:44,063][model_2d][INFO] - ✓ Test metric improved to 1.754623e-03 at epoch 18879
[2025-12-12 18:19:30,897][model_2d][INFO] -   No improvement for 100 epochs (best: 1.754623e-03)
[2025-12-12 18:21:44,642][model_2d][INFO] - Epoch 19000 | Loss: 0.024124 | PDE: 0.003715 | IC_u: 0.000041 | IC_v: 0.000103 | LR: 1.42e-04 | u_range: [-0.000, 0.057]
[2025-12-12 18:21:44,643][model_2d][INFO] -           Weights -> PDE: 1.05e+00, IC_u: 4.41e+02, IC_v: 2.20e+01
[2025-12-12 18:29:30,203][model_2d][INFO] -   No improvement for 200 epochs (best: 1.754623e-03)
[2025-12-12 19:04:22,304][model_2d][INFO] -   No improvement for 300 epochs (best: 1.754623e-03)
[2025-12-12 19:06:39,910][model_2d][INFO] - Epoch 19200 | Loss: 0.009046 | PDE: 0.005510 | IC_u: 0.000018 | IC_v: 0.000060 | LR: 1.42e-04 | u_range: [-0.019, 0.036]
[2025-12-12 19:06:39,911][model_2d][INFO] -           Weights -> PDE: 1.38e+00, IC_u: 6.98e+01, IC_v: 3.85e+00
[2025-12-12 19:14:30,637][model_2d][INFO] -   No improvement for 400 epochs (best: 1.754623e-03)
[2025-12-12 19:24:16,658][model_2d][INFO] -   No improvement for 500 epochs (best: 1.754623e-03)
[2025-12-12 19:26:28,981][model_2d][INFO] - Epoch 19400 | Loss: 0.037242 | PDE: 0.003397 | IC_u: 0.000049 | IC_v: 0.000034 | LR: 1.42e-04 | u_range: [-0.010, 0.017]
[2025-12-12 19:26:28,982][model_2d][INFO] -           Weights -> PDE: 1.04e+00, IC_u: 6.69e+02, IC_v: 3.04e+01
[2025-12-12 19:30:15,634][model_2d][INFO] - ✓ Test metric improved to 1.751170e-03 at epoch 19439
[2025-12-12 19:40:00,880][model_2d][INFO] -   No improvement for 100 epochs (best: 1.751170e-03)
[2025-12-12 19:45:41,378][model_2d][INFO] - ✓ Test metric improved to 1.728796e-03 at epoch 19599
[2025-12-12 19:45:56,426][model_2d][INFO] - Epoch 19600 | Loss: 0.011267 | PDE: 0.001727 | IC_u: 0.000024 | IC_v: 0.000033 | LR: 1.35e-04 | u_range: [-0.000, 0.083]
[2025-12-12 19:45:56,426][model_2d][INFO] -           Weights -> PDE: 1.06e+00, IC_u: 3.69e+02, IC_v: 1.82e+01
[2025-12-12 19:49:39,003][model_2d][INFO] - ✓ Test metric improved to 1.712524e-03 at epoch 19639
[2025-12-12 19:59:30,120][model_2d][INFO] -   No improvement for 100 epochs (best: 1.712524e-03)
[2025-12-12 20:05:27,675][model_2d][INFO] - Epoch 19800 | Loss: 0.009025 | PDE: 0.003834 | IC_u: 0.000008 | IC_v: 0.000047 | LR: 1.35e-04 | u_range: [-0.009, 0.051]
[2025-12-12 20:05:27,675][model_2d][INFO] -           Weights -> PDE: 1.05e+00, IC_u: 4.65e+02, IC_v: 2.40e+01
[2025-12-12 20:09:10,621][model_2d][INFO] -   No improvement for 200 epochs (best: 1.712524e-03)
[2025-12-12 20:18:47,099][model_2d][INFO] -   No improvement for 300 epochs (best: 1.712524e-03)
[2025-12-12 20:24:29,460][model_2d][INFO] - ✓ Test metric improved to 1.684494e-03 at epoch 19999
[2025-12-12 20:24:29,501][model_2d][INFO] - Epoch 19999 | Loss: 0.013053 | PDE: 0.002549 | IC_u: 0.000018 | IC_v: 0.000075 | LR: 1.29e-04 | u_range: [-0.002, 0.016]
[2025-12-12 20:24:29,501][model_2d][INFO] -           Weights -> PDE: 1.04e+00, IC_u: 4.70e+02, IC_v: 2.73e+01
[2025-12-12 20:24:31,651][model_2d][INFO] - Restored best model from epoch 19999 with test metric 0.001684
[2025-12-12 20:24:31,651][model_2d][INFO] -   Best model loss components -> PDE: 1.683110e-03, IC_u: 1.233305e-05, IC_v: 3.184945e-05
[2025-12-12 20:24:31,651][model_2d][INFO] - Training complete!
[2025-12-12 20:24:31,689][__main__][INFO] - Model saved to /Users/guglielmocappellini/Desktop/research/code/pinns-wave/wave-gnn/1_gcn_string/outputs/2025-12-11/10-06-18/model.pth
[2025-12-12 20:24:31,689][__main__][INFO] - Best Model Info:
[2025-12-12 20:24:31,689][__main__][INFO] -   Epoch: 19999
[2025-12-12 20:24:31,690][__main__][INFO] -   L2 Metric: 1.684494e-03
[2025-12-12 20:24:31,690][__main__][INFO] -   Loss Components:
[2025-12-12 20:24:31,690][__main__][INFO] -     - PDE: 1.683110e-03
[2025-12-12 20:24:31,690][__main__][INFO] -     - IC_u: 1.233305e-05
[2025-12-12 20:24:31,690][__main__][INFO] -     - IC_v: 3.184945e-05
[2025-12-12 20:24:32,527][__main__][INFO] - Training history (with pretraining) saved to /Users/guglielmocappellini/Desktop/research/code/pinns-wave/wave-gnn/1_gcn_string/outputs/2025-12-11/10-06-18/pinn_wave_training_no_source.png
[2025-12-12 20:26:22,567][__main__][INFO] - Metrics saved to /Users/guglielmocappellini/Desktop/research/code/pinns-wave/wave-gnn/1_gcn_string/outputs/2025-12-11/10-06-18/metrics.txt
[2025-12-12 20:26:24,205][__main__][INFO] - Solution comparison saved to /Users/guglielmocappellini/Desktop/research/code/pinns-wave/wave-gnn/1_gcn_string/outputs/2025-12-11/10-06-18/pinn_wave_solution_no_source.png
[2025-12-12 20:26:24,205][__main__][INFO] - ======================================================================
[2025-12-12 20:26:24,205][__main__][INFO] - EXPERIMENT COMPLETE
[2025-12-12 20:26:24,205][__main__][INFO] - ======================================================================
[2025-12-12 20:26:24,205][__main__][INFO] - All outputs saved to: /Users/guglielmocappellini/Desktop/research/code/pinns-wave/wave-gnn/1_gcn_string/outputs/2025-12-11/10-06-18
